Archive member included to satisfy reference by file (symbol)

c:/st/stm32cubeide_1.8.0/stm32cubeide/plugins/com.st.stm32cube.ide.mcu.externaltools.gnu-tools-for-stm32.9-2020-q2-update.win32_2.0.0.202105311346/tools/bin/../lib/gcc/arm-none-eabi/9.3.1/../../../../arm-none-eabi/lib/thumb/v7e-m+fp/hard\libc_nano.a(lib_a-errno.o)
                              ./Core/Src/syscalls.o (__errno)
c:/st/stm32cubeide_1.8.0/stm32cubeide/plugins/com.st.stm32cube.ide.mcu.externaltools.gnu-tools-for-stm32.9-2020-q2-update.win32_2.0.0.202105311346/tools/bin/../lib/gcc/arm-none-eabi/9.3.1/../../../../arm-none-eabi/lib/thumb/v7e-m+fp/hard\libc_nano.a(lib_a-exit.o)
                              c:/st/stm32cubeide_1.8.0/stm32cubeide/plugins/com.st.stm32cube.ide.mcu.externaltools.gnu-tools-for-stm32.9-2020-q2-update.win32_2.0.0.202105311346/tools/bin/../lib/gcc/arm-none-eabi/9.3.1/../../../../arm-none-eabi/lib/thumb/v7e-m+fp/hard/crt0.o (exit)
c:/st/stm32cubeide_1.8.0/stm32cubeide/plugins/com.st.stm32cube.ide.mcu.externaltools.gnu-tools-for-stm32.9-2020-q2-update.win32_2.0.0.202105311346/tools/bin/../lib/gcc/arm-none-eabi/9.3.1/../../../../arm-none-eabi/lib/thumb/v7e-m+fp/hard\libc_nano.a(lib_a-findfp.o)
                              ./Middlewares/Third_Party/FreeRTOS/Source/tasks.o (__sf_fake_stderr)
c:/st/stm32cubeide_1.8.0/stm32cubeide/plugins/com.st.stm32cube.ide.mcu.externaltools.gnu-tools-for-stm32.9-2020-q2-update.win32_2.0.0.202105311346/tools/bin/../lib/gcc/arm-none-eabi/9.3.1/../../../../arm-none-eabi/lib/thumb/v7e-m+fp/hard\libc_nano.a(lib_a-fwalk.o)
                              c:/st/stm32cubeide_1.8.0/stm32cubeide/plugins/com.st.stm32cube.ide.mcu.externaltools.gnu-tools-for-stm32.9-2020-q2-update.win32_2.0.0.202105311346/tools/bin/../lib/gcc/arm-none-eabi/9.3.1/../../../../arm-none-eabi/lib/thumb/v7e-m+fp/hard\libc_nano.a(lib_a-findfp.o) (_fwalk)
c:/st/stm32cubeide_1.8.0/stm32cubeide/plugins/com.st.stm32cube.ide.mcu.externaltools.gnu-tools-for-stm32.9-2020-q2-update.win32_2.0.0.202105311346/tools/bin/../lib/gcc/arm-none-eabi/9.3.1/../../../../arm-none-eabi/lib/thumb/v7e-m+fp/hard\libc_nano.a(lib_a-impure.o)
                              c:/st/stm32cubeide_1.8.0/stm32cubeide/plugins/com.st.stm32cube.ide.mcu.externaltools.gnu-tools-for-stm32.9-2020-q2-update.win32_2.0.0.202105311346/tools/bin/../lib/gcc/arm-none-eabi/9.3.1/../../../../arm-none-eabi/lib/thumb/v7e-m+fp/hard\libc_nano.a(lib_a-exit.o) (_global_impure_ptr)
c:/st/stm32cubeide_1.8.0/stm32cubeide/plugins/com.st.stm32cube.ide.mcu.externaltools.gnu-tools-for-stm32.9-2020-q2-update.win32_2.0.0.202105311346/tools/bin/../lib/gcc/arm-none-eabi/9.3.1/../../../../arm-none-eabi/lib/thumb/v7e-m+fp/hard\libc_nano.a(lib_a-init.o)
                              c:/st/stm32cubeide_1.8.0/stm32cubeide/plugins/com.st.stm32cube.ide.mcu.externaltools.gnu-tools-for-stm32.9-2020-q2-update.win32_2.0.0.202105311346/tools/bin/../lib/gcc/arm-none-eabi/9.3.1/../../../../arm-none-eabi/lib/thumb/v7e-m+fp/hard/crt0.o (__libc_init_array)
c:/st/stm32cubeide_1.8.0/stm32cubeide/plugins/com.st.stm32cube.ide.mcu.externaltools.gnu-tools-for-stm32.9-2020-q2-update.win32_2.0.0.202105311346/tools/bin/../lib/gcc/arm-none-eabi/9.3.1/../../../../arm-none-eabi/lib/thumb/v7e-m+fp/hard\libc_nano.a(lib_a-lock.o)
                              c:/st/stm32cubeide_1.8.0/stm32cubeide/plugins/com.st.stm32cube.ide.mcu.externaltools.gnu-tools-for-stm32.9-2020-q2-update.win32_2.0.0.202105311346/tools/bin/../lib/gcc/arm-none-eabi/9.3.1/../../../../arm-none-eabi/lib/thumb/v7e-m+fp/hard\libc_nano.a(lib_a-findfp.o) (__retarget_lock_init_recursive)
c:/st/stm32cubeide_1.8.0/stm32cubeide/plugins/com.st.stm32cube.ide.mcu.externaltools.gnu-tools-for-stm32.9-2020-q2-update.win32_2.0.0.202105311346/tools/bin/../lib/gcc/arm-none-eabi/9.3.1/../../../../arm-none-eabi/lib/thumb/v7e-m+fp/hard\libc_nano.a(lib_a-memcpy-stub.o)
                              ./Middlewares/Third_Party/FreeRTOS/Source/queue.o (memcpy)
c:/st/stm32cubeide_1.8.0/stm32cubeide/plugins/com.st.stm32cube.ide.mcu.externaltools.gnu-tools-for-stm32.9-2020-q2-update.win32_2.0.0.202105311346/tools/bin/../lib/gcc/arm-none-eabi/9.3.1/../../../../arm-none-eabi/lib/thumb/v7e-m+fp/hard\libc_nano.a(lib_a-memset.o)
                              c:/st/stm32cubeide_1.8.0/stm32cubeide/plugins/com.st.stm32cube.ide.mcu.externaltools.gnu-tools-for-stm32.9-2020-q2-update.win32_2.0.0.202105311346/tools/bin/../lib/gcc/arm-none-eabi/9.3.1/../../../../arm-none-eabi/lib/thumb/v7e-m+fp/hard/crt0.o (memset)
c:/st/stm32cubeide_1.8.0/stm32cubeide/plugins/com.st.stm32cube.ide.mcu.externaltools.gnu-tools-for-stm32.9-2020-q2-update.win32_2.0.0.202105311346/tools/bin/../lib/gcc/arm-none-eabi/9.3.1/../../../../arm-none-eabi/lib/thumb/v7e-m+fp/hard\libc_nano.a(lib_a-nano-mallocr.o)
[...]
Memory Configuration

Name             Origin             Length             Attributes
CCMRAM           0x0000000010000000 0x0000000000010000 xrw
RAM              0x0000000020000000 0x0000000000020000 xrw
FLASH            0x0000000008000000 0x0000000000080000 xr
*default*        0x0000000000000000 0xffffffffffffffff

Linker script and memory map

LOAD c:/st/stm32cubeide_1.8.0/stm32cubeide/plugins/com.st.stm32cube.ide.mcu.externaltools.gnu-tools-for-stm32.9-2020-q2-update.win32_2.0.0.202105311346/tools/bin/../lib/gcc/arm-none-eabi/9.3.1/thumb/v7e-m+fp/hard/crti.o
LOAD c:/st/stm32cubeide_1.8.0/stm32cubeide/plugins/com.st.stm32cube.ide.mcu.externaltools.gnu-tools-for-stm32.9-2020-q2-update.win32_2.0.0.202105311346/tools/bin/../lib/gcc/arm-none-eabi/9.3.1/thumb/v7e-m+fp/hard/crtbegin.o
LOAD c:/st/stm32cubeide_1.8.0/stm32cubeide/plugins/com.st.stm32cube.ide.mcu.externaltools.gnu-tools-for-stm32.9-2020-q2-update.win32_2.0.0.202105311346/tools/bin/../lib/gcc/arm-none-eabi/9.3.1/../../../../arm-none-eabi/lib/thumb/v7e-m+fp/hard/crt0.o
LOAD ./Core/Src/freertos.o
LOAD ./Core/Src/main.o
LOAD ./Core/Src/stm32f4xx_hal_msp.o
LOAD ./Core/Src/stm32f4xx_hal_timebase_tim.o
LOAD ./Core/Src/stm32f4xx_it.o
LOAD ./Core/Src/syscalls.o
LOAD ./Core/Src/sysmem.o
LOAD ./Core/Src/system_stm32f4xx.o
LOAD ./Core/Startup/startup_stm32f407vetx.o
LOAD ./Drivers/STM32F4xx_HAL_Driver/Src/stm32f4xx_hal.o
LOAD ./Drivers/STM32F4xx_HAL_Driver/Src/stm32f4xx_hal_cortex.o
LOAD ./Drivers/STM32F4xx_HAL_Driver/Src/stm32f4xx_hal_dma.o
LOAD ./Drivers/STM32F4xx_HAL_Driver/Src/stm32f4xx_hal_dma_ex.o
LOAD ./Drivers/STM32F4xx_HAL_Driver/Src/stm32f4xx_hal_exti.o
LOAD ./Drivers/STM32F4xx_HAL_Driver/Src/stm32f4xx_hal_flash.o
LOAD ./Drivers/STM32F4xx_HAL_Driver/Src/stm32f4xx_hal_flash_ex.o
LOAD ./Drivers/STM32F4xx_HAL_Driver/Src/stm32f4xx_hal_flash_ramfunc.o
LOAD ./Drivers/STM32F4xx_HAL_Driver/Src/stm32f4xx_hal_gpio.o
LOAD ./Drivers/STM32F4xx_HAL_Driver/Src/stm32f4xx_hal_iwdg.o
LOAD ./Drivers/STM32F4xx_HAL_Driver/Src/stm32f4xx_hal_pwr.o
LOAD ./Drivers/STM32F4xx_HAL_Driver/Src/stm32f4xx_hal_pwr_ex.o
LOAD ./Drivers/STM32F4xx_HAL_Driver/Src/stm32f4xx_hal_rcc.o
LOAD ./Drivers/STM32F4xx_HAL_Driver/Src/stm32f4xx_hal_rcc_ex.o
LOAD ./Drivers/STM32F4xx_HAL_Driver/Src/stm32f4xx_hal_rtc.o
LOAD ./Drivers/STM32F4xx_HAL_Driver/Src/stm32f4xx_hal_rtc_ex.o
LOAD ./Drivers/STM32F4xx_HAL_Driver/Src/stm32f4xx_hal_spi.o
LOAD ./Drivers/STM32F4xx_HAL_Driver/Src/stm32f4xx_hal_tim.o
LOAD ./Drivers/STM32F4xx_HAL_Driver/Src/stm32f4xx_hal_tim_ex.o
LOAD ./Drivers/STM32F4xx_HAL_Driver/Src/stm32f4xx_hal_uart.o
LOAD ./Middlewares/Third_Party/FreeRTOS/Source/CMSIS_RTOS/cmsis_os.o
LOAD ./Middlewares/Third_Party/FreeRTOS/Source/croutine.o
LOAD ./Middlewares/Third_Party/FreeRTOS/Source/event_groups.o
LOAD ./Middlewares/Third_Party/FreeRTOS/Source/list.o
LOAD ./Middlewares/Third_Party/FreeRTOS/Source/queue.o
LOAD ./Middlewares/Third_Party/FreeRTOS/Source/stream_buffer.o
LOAD ./Middlewares/Third_Party/FreeRTOS/Source/tasks.o
LOAD ./Middlewares/Third_Party/FreeRTOS/Source/timers.o
LOAD ./Middlewares/Third_Party/FreeRTOS/Source/portable/GCC/ARM_CM4F/port.o
LOAD ./Middlewares/Third_Party/FreeRTOS/Source/portable/MemMang/heap_4.o
LOAD ./User/M95Task.o
LOAD ./User/MainTask.o
LOAD ./User/ModbusPacketTask.o
LOAD ./User/ModbusTask.o
LOAD ./User/ReadRegistersTask.o
LOAD ./User/fm25v02.o
LOAD ./User/gpio.o
LOAD ./User/m95.o
LOAD ./User/modbus.o
START GROUP
LOAD c:/st/stm32cubeide_1.8.0/stm32cubeide/plugins/com.st.stm32cube.ide.mcu.externaltools.gnu-tools-for-stm32.9-2020-q2-update.win32_2.0.0.202105311346/tools/bin/../lib/gcc/arm-none-eabi/9.3.1/../../../../arm-none-eabi/lib/thumb/v7e-m+fp/hard\libc_nano.a
LOAD c:/st/stm32cubeide_1.8.0/stm32cubeide/plugins/com.st.stm32cube.ide.mcu.externaltools.gnu-tools-for-stm32.9-2020-q2-update.win32_2.0.0.202105311346/tools/bin/../lib/gcc/arm-none-eabi/9.3.1/../../../../arm-none-eabi/lib/thumb/v7e-m+fp/hard\libm.a
END GROUP
START GROUP
LOAD c:/st/stm32cubeide_1.8.0/stm32cubeide/plugins/com.st.stm32cube.ide.mcu.externaltools.gnu-tools-for-stm32.9-2020-q2-update.win32_2.0.0.202105311346/tools/bin/../lib/gcc/arm-none-eabi/9.3.1/thumb/v7e-m+fp/hard\libgcc.a
LOAD c:/st/stm32cubeide_1.8.0/stm32cubeide/plugins/com.st.stm32cube.ide.mcu.externaltools.gnu-tools-for-stm32.9-2020-q2-update.win32_2.0.0.202105311346/tools/bin/../lib/gcc/arm-none-eabi/9.3.1/../../../../arm-none-eabi/lib/thumb/v7e-m+fp/hard\libc_nano.a
END GROUP
START GROUP
LOAD c:/st/stm32cubeide_1.8.0/stm32cubeide/plugins/com.st.stm32cube.ide.mcu.externaltools.gnu-tools-for-stm32.9-2020-q2-update.win32_2.0.0.202105311346/tools/bin/../lib/gcc/arm-none-eabi/9.3.1/thumb/v7e-m+fp/hard\libgcc.a
LOAD c:/st/stm32cubeide_1.8.0/stm32cubeide/plugins/com.st.stm32cube.ide.mcu.externaltools.gnu-tools-for-stm32.9-2020-q2-update.win32_2.0.0.202105311346/tools/bin/../lib/gcc/arm-none-eabi/9.3.1/../../../../arm-none-eabi/lib/thumb/v7e-m+fp/hard\libc_nano.a
LOAD c:/st/stm32cubeide_1.8.0/stm32cubeide/plugins/com.st.stm32cube.ide.mcu.externaltools.gnu-tools-for-stm32.9-2020-q2-update.win32_2.0.0.202105311346/tools/bin/../lib/gcc/arm-none-eabi/9.3.1/../../../../arm-none-eabi/lib/thumb/v7e-m+fp/hard\libnosys.a
END GROUP
START GROUP
LOAD c:/st/stm32cubeide_1.8.0/stm32cubeide/plugins/com.st.stm32cube.ide.mcu.externaltools.gnu-tools-for-stm32.9-2020-q2-update.win32_2.0.0.202105311346/tools/bin/../lib/gcc/arm-none-eabi/9.3.1/thumb/v7e-m+fp/hard\libgcc.a
LOAD c:/st/stm32cubeide_1.8.0/stm32cubeide/plugins/com.st.stm32cube.ide.mcu.externaltools.gnu-tools-for-stm32.9-2020-q2-update.win32_2.0.0.202105311346/tools/bin/../lib/gcc/arm-none-eabi/9.3.1/../../../../arm-none-eabi/lib/thumb/v7e-m+fp/hard\libc_nano.a
LOAD c:/st/stm32cubeide_1.8.0/stm32cubeide/plugins/com.st.stm32cube.ide.mcu.externaltools.gnu-tools-for-stm32.9-2020-q2-update.win32_2.0.0.202105311346/tools/bin/../lib/gcc/arm-none-eabi/9.3.1/../../../../arm-none-eabi/lib/thumb/v7e-m+fp/hard\libnosys.a
END GROUP
LOAD c:/st/stm32cubeide_1.8.0/stm32cubeide/plugins/com.st.stm32cube.ide.mcu.externaltools.gnu-tools-for-stm32.9-2020-q2-update.win32_2.0.0.202105311346/tools/bin/../lib/gcc/arm-none-eabi/9.3.1/thumb/v7e-m+fp/hard/crtend.o
LOAD c:/st/stm32cubeide_1.8.0/stm32cubeide/plugins/com.st.stm32cube.ide.mcu.externaltools.gnu-tools-for-stm32.9-2020-q2-update.win32_2.0.0.202105311346/tools/bin/../lib/gcc/arm-none-eabi/9.3.1/thumb/v7e-m+fp/hard/crtn.o
                0x0000000020020000                _estack = (ORIGIN (RAM) + LENGTH (RAM))
                0x0000000000000200                _Min_Heap_Size = 0x200
                0x0000000000000400                _Min_Stack_Size = 0x400

.isr_vector     0x0000000008000000      0x188
                0x0000000008000000                . = ALIGN (0x4)
 *(.isr_vector)
 .isr_vector    0x0000000008000000      0x188 ./Core/Startup/startup_stm32f407vetx.o
                0x0000000008000000                g_pfnVectors
                0x0000000008000188                . = ALIGN (0x4)

.text           0x0000000008000190     0xf028
                0x0000000008000190                . = ALIGN (0x4)
 *(.text)
 .text          0x0000000008000190       0x40 c:/st/stm32cubeide_1.8.0/stm32cubeide/plugins/com.st.stm32cube.ide.mcu.externaltools.gnu-tools-for-stm32.9-2020-q2-update.win32_2.0.0.202105311346/tools/bin/../lib/gcc/arm-none-eabi/9.3.1/thumb/v7e-m+fp/hard/crtbegin.o
 .text          0x00000000080001d0       0x10 c:/st/stm32cubeide_1.8.0/stm32cubeide/plugins/com.st.stm32cube.ide.mcu.externaltools.gnu-tools-for-stm32.9-2020-q2-update.win32_2.0.0.202105311346/tools/bin/../lib/gcc/arm-none-eabi/9.3.1/../../../../arm-none-eabi/lib/thumb/v7e-m+fp/hard\libc_nano.a(lib_a-strlen.o)
                0x00000000080001d0                strlen
 .text          0x00000000080001e0       0xa0 c:/st/stm32cubeide_1.8.0/stm32cubeide/plugins/com.st.stm32cube.ide.mcu.externaltools.gnu-tools-for-stm32.9-2020-q2-update.win32_2.0.0.202105311346/tools/bin/../lib/gcc/arm-none-eabi/9.3.1/../../../../arm-none-eabi/lib/thumb/v7e-m+fp/hard\libc_nano.a(lib_a-memchr.o)
                0x00000000080001e0                memchr
 .text          0x0000000008000280       0x30 c:/st/stm32cubeide_1.8.0/stm32cubeide/plugins/com.st.stm32cube.ide.mcu.externaltools.gnu-tools-for-stm32.9-2020-q2-update.win32_2.0.0.202105311346/tools/bin/../lib/gcc/arm-none-eabi/9.3.1/thumb/v7e-m+fp/hard\libgcc.a(_aeabi_uldivmod.o)
                0x0000000008000280                __aeabi_uldivmod
 .text          0x00000000080002b0      0x2c4 c:/st/stm32cubeide_1.8.0/stm32cubeide/plugins/com.st.stm32cube.ide.mcu.externaltools.gnu-tools-for-stm32.9-2020-q2-update.win32_2.0.0.202105311346/tools/bin/../lib/gcc/arm-none-eabi/9.3.1/thumb/v7e-m+fp/hard\libgcc.a(_udivmoddi4.o)
                0x00000000080002b0                __udivmoddi4
 .text          0x0000000008000574        0x4 c:/st/stm32cubeide_1.8.0/stm32cubeide/plugins/com.st.stm32cube.ide.mcu.externaltools.gnu-tools-for-stm32.9-2020-q2-update.win32_2.0.0.202105311346/tools/bin/../lib/gcc/arm-none-eabi/9.3.1/thumb/v7e-m+fp/hard\libgcc.a(_dvmd_tls.o)
                0x0000000008000574                __aeabi_idiv0
                0x0000000008000574                __aeabi_ldiv0
 *(.text*)
 .text.vApplicationGetIdleTaskMemory
                0x0000000008000578       0x34 ./Core/Src/freertos.o
                0x0000000008000578                vApplicationGetIdleTaskMemory
 .text.vApplicationGetTimerTaskMemory
                0x00000000080005ac       0x34 ./Core/Src/freertos.o
                0x00000000080005ac                vApplicationGetTimerTaskMemory
 .text.__NVIC_SystemReset
                0x00000000080005e0       0x2c ./Core/Src/main.o
 .text.HAL_UART_TxCpltCallback
                0x000000000800060c       0x2c ./Core/Src/main.o
                0x000000000800060c                HAL_UART_TxCpltCallback
 .text.HAL_UART_RxCpltCallback
                0x0000000008000638       0x68 ./Core/Src/main.o
                0x0000000008000638                HAL_UART_RxCpltCallback
 .text.main     0x00000000080006a0      0x500 ./Core/Src/main.o
                0x00000000080006a0                main
 .text.SystemClock_Config
                0x0000000008000ba0       0xdc ./Core/Src/main.o
                0x0000000008000ba0                SystemClock_Config
 .text.MX_IWDG_Init
                0x0000000008000c7c       0x2c ./Core/Src/main.o
 .text.MX_RTC_Init
                0x0000000008000ca8       0x88 ./Core/Src/main.o
 .text.MX_SPI2_Init
                0x0000000008000d30       0x6c ./Core/Src/main.o
 .text.MX_SPI3_Init
                0x0000000008000d9c       0x70 ./Core/Src/main.o
 .text.MX_USART3_UART_Init
                0x0000000008000e0c       0x54 ./Core/Src/main.o
 .text.MX_DMA_Init
                0x0000000008000e60       0x50 ./Core/Src/main.o
 .text.MX_GPIO_Init
                0x0000000008000eb0      0x1f8 ./Core/Src/main.o
 .text.Callback_AT_Timer
                0x00000000080010a8       0x20 ./Core/Src/main.o
                0x00000000080010a8                Callback_AT_Timer
 .text.Callback_Ring_Center_Timer
                0x00000000080010c8       0x20 ./Core/Src/main.o
                0x00000000080010c8                Callback_Ring_Center_Timer
 .text.StartDefaultTask
                0x00000000080010e8       0x80 ./Core/Src/main.o
                0x00000000080010e8                StartDefaultTask
 .text.HAL_TIM_PeriodElapsedCallback
                0x0000000008001168       0x24 ./Core/Src/main.o
                0x0000000008001168                HAL_TIM_PeriodElapsedCallback
 .text.Error_Handler
                0x000000000800118c        0x8 ./Core/Src/main.o
                0x000000000800118c                Error_Handler
 .text.HAL_MspInit
                0x0000000008001194       0x58 ./Core/Src/stm32f4xx_hal_msp.o
                0x0000000008001194                HAL_MspInit
 .text.HAL_RTC_MspInit
                0x00000000080011ec       0x54 ./Core/Src/stm32f4xx_hal_msp.o
                0x00000000080011ec                HAL_RTC_MspInit
 .text.HAL_SPI_MspInit
                0x0000000008001240      0x100 ./Core/Src/stm32f4xx_hal_msp.o
                0x0000000008001240                HAL_SPI_MspInit
 .text.HAL_SPI_MspDeInit
                0x0000000008001340       0x68 ./Core/Src/stm32f4xx_hal_msp.o
                0x0000000008001340                HAL_SPI_MspDeInit
 .text.HAL_UART_MspInit
                0x00000000080013a8      0x16c ./Core/Src/stm32f4xx_hal_msp.o
                0x00000000080013a8                HAL_UART_MspInit
 .text.HAL_UART_MspDeInit
                0x0000000008001514       0x58 ./Core/Src/stm32f4xx_hal_msp.o
                0x0000000008001514                HAL_UART_MspDeInit
 .text.HAL_InitTick
                0x000000000800156c       0xb4 ./Core/Src/stm32f4xx_hal_timebase_tim.o
                0x000000000800156c                HAL_InitTick
 .text.NMI_Handler
                0x0000000008001620        0x6 ./Core/Src/stm32f4xx_it.o
                0x0000000008001620                NMI_Handler
 .text.HardFault_Handler
                0x0000000008001626        0x6 ./Core/Src/stm32f4xx_it.o
                0x0000000008001626                HardFault_Handler
 .text.MemManage_Handler
                0x000000000800162c        0x6 ./Core/Src/stm32f4xx_it.o
                0x000000000800162c                MemManage_Handler
 .text.BusFault_Handler
                0x0000000008001632        0x6 ./Core/Src/stm32f4xx_it.o
                0x0000000008001632                BusFault_Handler
 .text.UsageFault_Handler
                0x0000000008001638        0x6 ./Core/Src/stm32f4xx_it.o
                0x0000000008001638                UsageFault_Handler
 .text.DebugMon_Handler
                0x000000000800163e        0xe ./Core/Src/stm32f4xx_it.o
                0x000000000800163e                DebugMon_Handler
 .text.DMA1_Stream1_IRQHandler
                0x000000000800164c       0x14 ./Core/Src/stm32f4xx_it.o
                0x000000000800164c                DMA1_Stream1_IRQHandler
 .text.DMA1_Stream3_IRQHandler
                0x0000000008001660       0x14 ./Core/Src/stm32f4xx_it.o
                0x0000000008001660                DMA1_Stream3_IRQHandler
 .text.TIM1_UP_TIM10_IRQHandler
                0x0000000008001674       0x14 ./Core/Src/stm32f4xx_it.o
                0x0000000008001674                TIM1_UP_TIM10_IRQHandler
 .text.USART3_IRQHandler
                0x0000000008001688       0x14 ./Core/Src/stm32f4xx_it.o
                0x0000000008001688                USART3_IRQHandler
 .text._sbrk    0x000000000800169c       0x6c ./Core/Src/sysmem.o
                0x000000000800169c                _sbrk
 .text.SystemInit
                0x0000000008001708       0x24 ./Core/Src/system_stm32f4xx.o
                0x0000000008001708                SystemInit
 .text.Reset_Handler
                0x000000000800172c       0x50 ./Core/Startup/startup_stm32f407vetx.o
                0x000000000800172c                Reset_Handler
 .text.Default_Handler
                0x000000000800177c        0x2 ./Core/Startup/startup_stm32f407vetx.o
                0x000000000800177c                RTC_Alarm_IRQHandler
                0x000000000800177c                HASH_RNG_IRQHandler
                0x000000000800177c                EXTI2_IRQHandler
                0x000000000800177c                TIM8_CC_IRQHandler
                0x000000000800177c                TIM1_CC_IRQHandler
                0x000000000800177c                DMA2_Stream5_IRQHandler
                0x000000000800177c                DMA1_Stream5_IRQHandler
                0x000000000800177c                PVD_IRQHandler
                0x000000000800177c                SDIO_IRQHandler
                0x000000000800177c                TAMP_STAMP_IRQHandler
                0x000000000800177c                CAN2_RX1_IRQHandler
                0x000000000800177c                EXTI3_IRQHandler
                0x000000000800177c                TIM8_TRG_COM_TIM14_IRQHandler
                0x000000000800177c                TIM8_UP_TIM13_IRQHandler
                0x000000000800177c                I2C3_ER_IRQHandler
                0x000000000800177c                EXTI0_IRQHandler
                0x000000000800177c                I2C2_EV_IRQHandler
                0x000000000800177c                DMA1_Stream2_IRQHandler
                0x000000000800177c                CAN1_RX0_IRQHandler
                0x000000000800177c                FPU_IRQHandler
                0x000000000800177c                OTG_HS_WKUP_IRQHandler
                0x000000000800177c                CAN2_SCE_IRQHandler
                0x000000000800177c                DMA2_Stream2_IRQHandler
                0x000000000800177c                SPI1_IRQHandler
                0x000000000800177c                TIM6_DAC_IRQHandler
                0x000000000800177c                TIM1_BRK_TIM9_IRQHandler
                0x000000000800177c                DCMI_IRQHandler
                0x000000000800177c                CAN2_RX0_IRQHandler
                0x000000000800177c                DMA2_Stream3_IRQHandler
                0x000000000800177c                USART6_IRQHandler
                0x000000000800177c                CAN1_RX1_IRQHandler
                0x000000000800177c                UART5_IRQHandler
                0x000000000800177c                DMA2_Stream0_IRQHandler
                0x000000000800177c                TIM4_IRQHandler
                0x000000000800177c                I2C1_EV_IRQHandler
                0x000000000800177c                DMA1_Stream6_IRQHandler
                0x000000000800177c                UART4_IRQHandler
                0x000000000800177c                TIM3_IRQHandler
                0x000000000800177c                RCC_IRQHandler
                0x000000000800177c                TIM8_BRK_TIM12_IRQHandler
                0x000000000800177c                Default_Handler
                0x000000000800177c                EXTI15_10_IRQHandler
                0x000000000800177c                ADC_IRQHandler
                0x000000000800177c                DMA1_Stream7_IRQHandler
                0x000000000800177c                TIM7_IRQHandler
                0x000000000800177c                CAN2_TX_IRQHandler
                0x000000000800177c                TIM5_IRQHandler
                0x000000000800177c                DMA2_Stream7_IRQHandler
                0x000000000800177c                I2C3_EV_IRQHandler
                0x000000000800177c                EXTI9_5_IRQHandler
                0x000000000800177c                RTC_WKUP_IRQHandler
                0x000000000800177c                ETH_WKUP_IRQHandler
                0x000000000800177c                SPI2_IRQHandler
                0x000000000800177c                OTG_HS_EP1_IN_IRQHandler
                0x000000000800177c                DMA1_Stream0_IRQHandler
                0x000000000800177c                CAN1_TX_IRQHandler
                0x000000000800177c                EXTI4_IRQHandler
                0x000000000800177c                FSMC_IRQHandler
                0x000000000800177c                ETH_IRQHandler
                0x000000000800177c                OTG_HS_EP1_OUT_IRQHandler
                0x000000000800177c                WWDG_IRQHandler
                0x000000000800177c                TIM2_IRQHandler
                0x000000000800177c                OTG_FS_WKUP_IRQHandler
                0x000000000800177c                TIM1_TRG_COM_TIM11_IRQHandler
                0x000000000800177c                OTG_HS_IRQHandler
                0x000000000800177c                EXTI1_IRQHandler
                0x000000000800177c                USART2_IRQHandler
                0x000000000800177c                I2C2_ER_IRQHandler
                0x000000000800177c                DMA2_Stream1_IRQHandler
                0x000000000800177c                CAN1_SCE_IRQHandler
                0x000000000800177c                FLASH_IRQHandler
                0x000000000800177c                DMA2_Stream4_IRQHandler
                0x000000000800177c                USART1_IRQHandler
                0x000000000800177c                OTG_FS_IRQHandler
                0x000000000800177c                SPI3_IRQHandler
                0x000000000800177c                DMA1_Stream4_IRQHandler
                0x000000000800177c                I2C1_ER_IRQHandler
                0x000000000800177c                DMA2_Stream6_IRQHandler
 *fill*         0x000000000800177e        0x2 
 .text.HAL_Init
                0x0000000008001780       0x44 ./Drivers/STM32F4xx_HAL_Driver/Src/stm32f4xx_hal.o
                0x0000000008001780                HAL_Init
 .text.HAL_DeInit
                0x00000000080017c4       0x58 ./Drivers/STM32F4xx_HAL_Driver/Src/stm32f4xx_hal.o
                0x00000000080017c4                HAL_DeInit
 .text.HAL_MspDeInit
                0x000000000800181c        0xe ./Drivers/STM32F4xx_HAL_Driver/Src/stm32f4xx_hal.o
                0x000000000800181c                HAL_MspDeInit
 *fill*         0x000000000800182a        0x2 
 .text.HAL_IncTick
                0x000000000800182c       0x28 ./Drivers/STM32F4xx_HAL_Driver/Src/stm32f4xx_hal.o
                0x000000000800182c                HAL_IncTick
 .text.HAL_GetTick
                0x0000000008001854       0x18 ./Drivers/STM32F4xx_HAL_Driver/Src/stm32f4xx_hal.o
                0x0000000008001854                HAL_GetTick
 .text.HAL_Delay
                0x000000000800186c       0x48 ./Drivers/STM32F4xx_HAL_Driver/Src/stm32f4xx_hal.o
                0x000000000800186c                HAL_Delay
 .text.__NVIC_SetPriorityGrouping
                0x00000000080018b4       0x48 ./Drivers/STM32F4xx_HAL_Driver/Src/stm32f4xx_hal_cortex.o
 .text.__NVIC_GetPriorityGrouping
                0x00000000080018fc       0x1c ./Drivers/STM32F4xx_HAL_Driver/Src/stm32f4xx_hal_cortex.o
 .text.__NVIC_EnableIRQ
                0x0000000008001918       0x3c ./Drivers/STM32F4xx_HAL_Driver/Src/stm32f4xx_hal_cortex.o
 .text.__NVIC_DisableIRQ
                0x0000000008001954       0x48 ./Drivers/STM32F4xx_HAL_Driver/Src/stm32f4xx_hal_cortex.o
 .text.__NVIC_SetPriority
                0x000000000800199c       0x54 ./Drivers/STM32F4xx_HAL_Driver/Src/stm32f4xx_hal_cortex.o
 .text.NVIC_EncodePriority
                0x00000000080019f0       0x66 ./Drivers/STM32F4xx_HAL_Driver/Src/stm32f4xx_hal_cortex.o
 .text.HAL_NVIC_SetPriorityGrouping
                0x0000000008001a56       0x16 ./Drivers/STM32F4xx_HAL_Driver/Src/stm32f4xx_hal_cortex.o
                0x0000000008001a56                HAL_NVIC_SetPriorityGrouping
 .text.HAL_NVIC_SetPriority
                0x0000000008001a6c       0x38 ./Drivers/STM32F4xx_HAL_Driver/Src/stm32f4xx_hal_cortex.o
                0x0000000008001a6c                HAL_NVIC_SetPriority
 .text.HAL_NVIC_EnableIRQ
                0x0000000008001aa4       0x1c ./Drivers/STM32F4xx_HAL_Driver/Src/stm32f4xx_hal_cortex.o
                0x0000000008001aa4                HAL_NVIC_EnableIRQ
 .text.HAL_NVIC_DisableIRQ
                0x0000000008001ac0       0x1c ./Drivers/STM32F4xx_HAL_Driver/Src/stm32f4xx_hal_cortex.o
                0x0000000008001ac0                HAL_NVIC_DisableIRQ
 .text.HAL_DMA_Init
                0x0000000008001adc      0x15c ./Drivers/STM32F4xx_HAL_Driver/Src/stm32f4xx_hal_dma.o
                0x0000000008001adc                HAL_DMA_Init
 .text.HAL_DMA_DeInit
                0x0000000008001c38       0xbc ./Drivers/STM32F4xx_HAL_Driver/Src/stm32f4xx_hal_dma.o
                0x0000000008001c38                HAL_DMA_DeInit
 .text.HAL_DMA_Start_IT
                0x0000000008001cf4       0xb0 ./Drivers/STM32F4xx_HAL_Driver/Src/stm32f4xx_hal_dma.o
                0x0000000008001cf4                HAL_DMA_Start_IT
 .text.HAL_DMA_Abort
                0x0000000008001da4       0xe0 ./Drivers/STM32F4xx_HAL_Driver/Src/stm32f4xx_hal_dma.o
                0x0000000008001da4                HAL_DMA_Abort
 .text.HAL_DMA_Abort_IT
                0x0000000008001e84       0x44 ./Drivers/STM32F4xx_HAL_Driver/Src/stm32f4xx_hal_dma.o
                0x0000000008001e84                HAL_DMA_Abort_IT
 .text.HAL_DMA_IRQHandler
                0x0000000008001ec8      0x314 ./Drivers/STM32F4xx_HAL_Driver/Src/stm32f4xx_hal_dma.o
                0x0000000008001ec8                HAL_DMA_IRQHandler
 .text.DMA_SetConfig
                0x00000000080021dc       0x5c ./Drivers/STM32F4xx_HAL_Driver/Src/stm32f4xx_hal_dma.o
 .text.DMA_CalcBaseAndBitshift
                0x0000000008002238       0x6c ./Drivers/STM32F4xx_HAL_Driver/Src/stm32f4xx_hal_dma.o
 .text.DMA_CheckFifoParam
                0x00000000080022a4       0xf8 ./Drivers/STM32F4xx_HAL_Driver/Src/stm32f4xx_hal_dma.o
 .text.HAL_FLASH_Program
                0x000000000800239c       0xa8 ./Drivers/STM32F4xx_HAL_Driver/Src/stm32f4xx_hal_flash.o
                0x000000000800239c                HAL_FLASH_Program
 .text.HAL_FLASH_Unlock
                0x0000000008002444       0x44 ./Drivers/STM32F4xx_HAL_Driver/Src/stm32f4xx_hal_flash.o
                0x0000000008002444                HAL_FLASH_Unlock
 .text.HAL_FLASH_Lock
                0x0000000008002488       0x20 ./Drivers/STM32F4xx_HAL_Driver/Src/stm32f4xx_hal_flash.o
                0x0000000008002488                HAL_FLASH_Lock
 .text.FLASH_WaitForLastOperation
                0x00000000080024a8       0x80 ./Drivers/STM32F4xx_HAL_Driver/Src/stm32f4xx_hal_flash.o
                0x00000000080024a8                FLASH_WaitForLastOperation
 .text.FLASH_Program_DoubleWord
                0x0000000008002528       0x64 ./Drivers/STM32F4xx_HAL_Driver/Src/stm32f4xx_hal_flash.o
 .text.FLASH_Program_Word
                0x000000000800258c       0x44 ./Drivers/STM32F4xx_HAL_Driver/Src/stm32f4xx_hal_flash.o
 .text.FLASH_Program_HalfWord
                0x00000000080025d0       0x48 ./Drivers/STM32F4xx_HAL_Driver/Src/stm32f4xx_hal_flash.o
 .text.FLASH_Program_Byte
                0x0000000008002618       0x44 ./Drivers/STM32F4xx_HAL_Driver/Src/stm32f4xx_hal_flash.o
 .text.FLASH_SetErrorCode
                0x000000000800265c       0xac ./Drivers/STM32F4xx_HAL_Driver/Src/stm32f4xx_hal_flash.o
 .text.HAL_FLASHEx_Erase
                0x0000000008002708       0xe0 ./Drivers/STM32F4xx_HAL_Driver/Src/stm32f4xx_hal_flash_ex.o
                0x0000000008002708                HAL_FLASHEx_Erase
 .text.FLASH_MassErase
                0x00000000080027e8       0x48 ./Drivers/STM32F4xx_HAL_Driver/Src/stm32f4xx_hal_flash_ex.o
 .text.FLASH_Erase_Sector
                0x0000000008002830       0x90 ./Drivers/STM32F4xx_HAL_Driver/Src/stm32f4xx_hal_flash_ex.o
                0x0000000008002830                FLASH_Erase_Sector
 .text.FLASH_FlushCaches
                0x00000000080028c0       0x8c ./Drivers/STM32F4xx_HAL_Driver/Src/stm32f4xx_hal_flash_ex.o
                0x00000000080028c0                FLASH_FlushCaches
 .text.HAL_GPIO_Init
                0x000000000800294c      0x338 ./Drivers/STM32F4xx_HAL_Driver/Src/stm32f4xx_hal_gpio.o
                0x000000000800294c                HAL_GPIO_Init
 .text.HAL_GPIO_DeInit
                0x0000000008002c84      0x1f8 ./Drivers/STM32F4xx_HAL_Driver/Src/stm32f4xx_hal_gpio.o
                0x0000000008002c84                HAL_GPIO_DeInit
 .text.HAL_GPIO_WritePin
                0x0000000008002e7c       0x32 ./Drivers/STM32F4xx_HAL_Driver/Src/stm32f4xx_hal_gpio.o
                0x0000000008002e7c                HAL_GPIO_WritePin
 *fill*         0x0000000008002eae        0x2 
 .text.HAL_RCC_OscConfig
                0x0000000008002eb0      0x4f0 ./Drivers/STM32F4xx_HAL_Driver/Src/stm32f4xx_hal_rcc.o
                0x0000000008002eb0                HAL_RCC_OscConfig
 .text.HAL_RCC_ClockConfig
                0x00000000080033a0      0x1cc ./Drivers/STM32F4xx_HAL_Driver/Src/stm32f4xx_hal_rcc.o
                0x00000000080033a0                HAL_RCC_ClockConfig
 .text.HAL_RCC_GetSysClockFreq
                0x000000000800356c      0x16c ./Drivers/STM32F4xx_HAL_Driver/Src/stm32f4xx_hal_rcc.o
                0x000000000800356c                HAL_RCC_GetSysClockFreq
 .text.HAL_RCC_GetHCLKFreq
                0x00000000080036d8       0x18 ./Drivers/STM32F4xx_HAL_Driver/Src/stm32f4xx_hal_rcc.o
                0x00000000080036d8                HAL_RCC_GetHCLKFreq
 .text.HAL_RCC_GetPCLK1Freq
                0x00000000080036f0       0x28 ./Drivers/STM32F4xx_HAL_Driver/Src/stm32f4xx_hal_rcc.o
                0x00000000080036f0                HAL_RCC_GetPCLK1Freq
 .text.HAL_RCC_GetPCLK2Freq
                0x0000000008003718       0x28 ./Drivers/STM32F4xx_HAL_Driver/Src/stm32f4xx_hal_rcc.o
                0x0000000008003718                HAL_RCC_GetPCLK2Freq
 .text.HAL_RCC_GetClockConfig
                0x0000000008003740       0x64 ./Drivers/STM32F4xx_HAL_Driver/Src/stm32f4xx_hal_rcc.o
                0x0000000008003740                HAL_RCC_GetClockConfig
 .text.HAL_RCCEx_PeriphCLKConfig
                0x00000000080037a4      0x1c4 ./Drivers/STM32F4xx_HAL_Driver/Src/stm32f4xx_hal_rcc_ex.o
                0x00000000080037a4                HAL_RCCEx_PeriphCLKConfig
 .text.HAL_RCC_DeInit
                0x0000000008003968      0x19c ./Drivers/STM32F4xx_HAL_Driver/Src/stm32f4xx_hal_rcc_ex.o
                0x0000000008003968                HAL_RCC_DeInit
 .text.HAL_RTC_Init
                0x0000000008003b04       0xec ./Drivers/STM32F4xx_HAL_Driver/Src/stm32f4xx_hal_rtc.o
                0x0000000008003b04                HAL_RTC_Init
 .text.HAL_RTC_WaitForSynchro
                0x0000000008003bf0       0x50 ./Drivers/STM32F4xx_HAL_Driver/Src/stm32f4xx_hal_rtc.o
                0x0000000008003bf0                HAL_RTC_WaitForSynchro
 .text.RTC_EnterInitMode
                0x0000000008003c40       0x6e ./Drivers/STM32F4xx_HAL_Driver/Src/stm32f4xx_hal_rtc.o
                0x0000000008003c40                RTC_EnterInitMode
 .text.RTC_ExitInitMode
                0x0000000008003cae       0x4a ./Drivers/STM32F4xx_HAL_Driver/Src/stm32f4xx_hal_rtc.o
                0x0000000008003cae                RTC_ExitInitMode
 .text.HAL_SPI_Init
                0x0000000008003cf8      0x112 ./Drivers/STM32F4xx_HAL_Driver/Src/stm32f4xx_hal_spi.o
                0x0000000008003cf8                HAL_SPI_Init
 .text.HAL_SPI_DeInit
                0x0000000008003e0a       0x50 ./Drivers/STM32F4xx_HAL_Driver/Src/stm32f4xx_hal_spi.o
                0x0000000008003e0a                HAL_SPI_DeInit
 .text.HAL_SPI_Transmit
                0x0000000008003e5a      0x278 ./Drivers/STM32F4xx_HAL_Driver/Src/stm32f4xx_hal_spi.o
                0x0000000008003e5a                HAL_SPI_Transmit
 .text.HAL_SPI_Receive
                0x00000000080040d2      0x222 ./Drivers/STM32F4xx_HAL_Driver/Src/stm32f4xx_hal_spi.o
                0x00000000080040d2                HAL_SPI_Receive
 .text.HAL_SPI_TransmitReceive
                0x00000000080042f4      0x344 ./Drivers/STM32F4xx_HAL_Driver/Src/stm32f4xx_hal_spi.o
                0x00000000080042f4                HAL_SPI_TransmitReceive
 .text.SPI_WaitFlagStateUntilTimeout
                0x0000000008004638      0x110 ./Drivers/STM32F4xx_HAL_Driver/Src/stm32f4xx_hal_spi.o
 .text.SPI_EndRxTransaction
                0x0000000008004748       0xca ./Drivers/STM32F4xx_HAL_Driver/Src/stm32f4xx_hal_spi.o
 *fill*         0x0000000008004812        0x2 
 .text.SPI_EndRxTxTransaction
                0x0000000008004814       0x84 ./Drivers/STM32F4xx_HAL_Driver/Src/stm32f4xx_hal_spi.o
 .text.HAL_TIM_Base_Init
                0x0000000008004898       0x9e ./Drivers/STM32F4xx_HAL_Driver/Src/stm32f4xx_hal_tim.o
                0x0000000008004898                HAL_TIM_Base_Init
 .text.HAL_TIM_Base_MspInit
                0x0000000008004936       0x14 ./Drivers/STM32F4xx_HAL_Driver/Src/stm32f4xx_hal_tim.o
                0x0000000008004936                HAL_TIM_Base_MspInit
 *fill*         0x000000000800494a        0x2 
 .text.HAL_TIM_Base_Start_IT
                0x000000000800494c       0xe0 ./Drivers/STM32F4xx_HAL_Driver/Src/stm32f4xx_hal_tim.o
                0x000000000800494c                HAL_TIM_Base_Start_IT
 .text.HAL_TIM_IRQHandler
                0x0000000008004a2c      0x210 ./Drivers/STM32F4xx_HAL_Driver/Src/stm32f4xx_hal_tim.o
                0x0000000008004a2c                HAL_TIM_IRQHandler
 .text.HAL_TIM_OC_DelayElapsedCallback
                0x0000000008004c3c       0x14 ./Drivers/STM32F4xx_HAL_Driver/Src/stm32f4xx_hal_tim.o
                0x0000000008004c3c                HAL_TIM_OC_DelayElapsedCallback
 .text.HAL_TIM_IC_CaptureCallback
                0x0000000008004c50       0x14 ./Drivers/STM32F4xx_HAL_Driver/Src/stm32f4xx_hal_tim.o
                0x0000000008004c50                HAL_TIM_IC_CaptureCallback
 .text.HAL_TIM_PWM_PulseFinishedCallback
                0x0000000008004c64       0x14 ./Drivers/STM32F4xx_HAL_Driver/Src/stm32f4xx_hal_tim.o
                0x0000000008004c64                HAL_TIM_PWM_PulseFinishedCallback
 .text.HAL_TIM_TriggerCallback
                0x0000000008004c78       0x14 ./Drivers/STM32F4xx_HAL_Driver/Src/stm32f4xx_hal_tim.o
                0x0000000008004c78                HAL_TIM_TriggerCallback
 .text.TIM_Base_SetConfig
                0x0000000008004c8c      0x140 ./Drivers/STM32F4xx_HAL_Driver/Src/stm32f4xx_hal_tim.o
                0x0000000008004c8c                TIM_Base_SetConfig
 .text.HAL_TIMEx_CommutCallback
                0x0000000008004dcc       0x14 ./Drivers/STM32F4xx_HAL_Driver/Src/stm32f4xx_hal_tim_ex.o
                0x0000000008004dcc                HAL_TIMEx_CommutCallback
 .text.HAL_TIMEx_BreakCallback
                0x0000000008004de0       0x14 ./Drivers/STM32F4xx_HAL_Driver/Src/stm32f4xx_hal_tim_ex.o
                0x0000000008004de0                HAL_TIMEx_BreakCallback
 .text.HAL_UART_Init
                0x0000000008004df4       0x9a ./Drivers/STM32F4xx_HAL_Driver/Src/stm32f4xx_hal_uart.o
                0x0000000008004df4                HAL_UART_Init
 .text.HAL_UART_DeInit
                0x0000000008004e8e       0x5e ./Drivers/STM32F4xx_HAL_Driver/Src/stm32f4xx_hal_uart.o
                0x0000000008004e8e                HAL_UART_DeInit
 .text.HAL_UART_Transmit_DMA
                0x0000000008004eec       0xfc ./Drivers/STM32F4xx_HAL_Driver/Src/stm32f4xx_hal_uart.o
                0x0000000008004eec                HAL_UART_Transmit_DMA
 .text.HAL_UART_Receive_DMA
                0x0000000008004fe8       0x60 ./Drivers/STM32F4xx_HAL_Driver/Src/stm32f4xx_hal_uart.o
                0x0000000008004fe8                HAL_UART_Receive_DMA
 .text.HAL_UART_IRQHandler
                0x0000000008005048      0x51c ./Drivers/STM32F4xx_HAL_Driver/Src/stm32f4xx_hal_uart.o
                0x0000000008005048                HAL_UART_IRQHandler
 .text.HAL_UART_TxHalfCpltCallback
                0x0000000008005564       0x14 ./Drivers/STM32F4xx_HAL_Driver/Src/stm32f4xx_hal_uart.o
                0x0000000008005564                HAL_UART_TxHalfCpltCallback
 .text.HAL_UART_RxHalfCpltCallback
                0x0000000008005578       0x14 ./Drivers/STM32F4xx_HAL_Driver/Src/stm32f4xx_hal_uart.o
                0x0000000008005578                HAL_UART_RxHalfCpltCallback
 .text.HAL_UART_ErrorCallback
                0x000000000800558c       0x14 ./Drivers/STM32F4xx_HAL_Driver/Src/stm32f4xx_hal_uart.o
                0x000000000800558c                HAL_UART_ErrorCallback
 .text.HAL_UARTEx_RxEventCallback
                0x00000000080055a0       0x18 ./Drivers/STM32F4xx_HAL_Driver/Src/stm32f4xx_hal_uart.o
                0x00000000080055a0                HAL_UARTEx_RxEventCallback
 .text.UART_DMATransmitCplt
                0x00000000080055b8       0x9a ./Drivers/STM32F4xx_HAL_Driver/Src/stm32f4xx_hal_uart.o
 .text.UART_DMATxHalfCplt
                0x0000000008005652       0x1c ./Drivers/STM32F4xx_HAL_Driver/Src/stm32f4xx_hal_uart.o
 .text.UART_DMAReceiveCplt
                0x000000000800566e      0x126 ./Drivers/STM32F4xx_HAL_Driver/Src/stm32f4xx_hal_uart.o
 .text.UART_DMARxHalfCplt
                0x0000000008005794       0x36 ./Drivers/STM32F4xx_HAL_Driver/Src/stm32f4xx_hal_uart.o
 .text.UART_DMAError
                0x00000000080057ca       0x94 ./Drivers/STM32F4xx_HAL_Driver/Src/stm32f4xx_hal_uart.o
 *fill*         0x000000000800585e        0x2 
 .text.UART_Start_Receive_DMA
                0x0000000008005860      0x13c ./Drivers/STM32F4xx_HAL_Driver/Src/stm32f4xx_hal_uart.o
                0x0000000008005860                UART_Start_Receive_DMA
 .text.UART_EndTxTransfer
                0x000000000800599c       0x50 ./Drivers/STM32F4xx_HAL_Driver/Src/stm32f4xx_hal_uart.o
 .text.UART_EndRxTransfer
                0x00000000080059ec       0xc6 ./Drivers/STM32F4xx_HAL_Driver/Src/stm32f4xx_hal_uart.o
 .text.UART_DMAAbortOnError
                0x0000000008005ab2       0x28 ./Drivers/STM32F4xx_HAL_Driver/Src/stm32f4xx_hal_uart.o
 .text.UART_Transmit_IT
                0x0000000008005ada       0xa0 ./Drivers/STM32F4xx_HAL_Driver/Src/stm32f4xx_hal_uart.o
 .text.UART_EndTransmit_IT
                0x0000000008005b7a       0x30 ./Drivers/STM32F4xx_HAL_Driver/Src/stm32f4xx_hal_uart.o
 .text.UART_Receive_IT
                0x0000000008005baa      0x176 ./Drivers/STM32F4xx_HAL_Driver/Src/stm32f4xx_hal_uart.o
 .text.UART_SetConfig
                0x0000000008005d20      0x390 ./Drivers/STM32F4xx_HAL_Driver/Src/stm32f4xx_hal_uart.o
 .text.makeFreeRtosPriority
                0x00000000080060b0       0x30 ./Middlewares/Third_Party/FreeRTOS/Source/CMSIS_RTOS/cmsis_os.o
 .text.inHandlerMode
                0x00000000080060e0       0x24 ./Middlewares/Third_Party/FreeRTOS/Source/CMSIS_RTOS/cmsis_os.o
 .text.osKernelStart
                0x0000000008006104        0xe ./Middlewares/Third_Party/FreeRTOS/Source/CMSIS_RTOS/cmsis_os.o
                0x0000000008006104                osKernelStart
 .text.osThreadCreate
                0x0000000008006112       0x98 ./Middlewares/Third_Party/FreeRTOS/Source/CMSIS_RTOS/cmsis_os.o
                0x0000000008006112                osThreadCreate
 .text.osDelay  0x00000000080061aa       0x28 ./Middlewares/Third_Party/FreeRTOS/Source/CMSIS_RTOS/cmsis_os.o
                0x00000000080061aa                osDelay
 *fill*         0x00000000080061d2        0x2 
 .text.osTimerCreate
                0x00000000080061d4       0x68 ./Middlewares/Third_Party/FreeRTOS/Source/CMSIS_RTOS/cmsis_os.o
                0x00000000080061d4                osTimerCreate
 .text.osTimerStart
                0x000000000800623c       0x88 ./Middlewares/Third_Party/FreeRTOS/Source/CMSIS_RTOS/cmsis_os.o
                0x000000000800623c                osTimerStart
 .text.osTimerStop
                0x00000000080062c4       0x78 ./Middlewares/Third_Party/FreeRTOS/Source/CMSIS_RTOS/cmsis_os.o
                0x00000000080062c4                osTimerStop
 .text.osMutexCreate
                0x000000000800633c       0x30 ./Middlewares/Third_Party/FreeRTOS/Source/CMSIS_RTOS/cmsis_os.o
                0x000000000800633c                osMutexCreate
 .text.osMutexWait
                0x000000000800636c       0x9c ./Middlewares/Third_Party/FreeRTOS/Source/CMSIS_RTOS/cmsis_os.o
                0x000000000800636c                osMutexWait
 .text.osMutexRelease
                0x0000000008006408       0x6c ./Middlewares/Third_Party/FreeRTOS/Source/CMSIS_RTOS/cmsis_os.o
                0x0000000008006408                osMutexRelease
 .text.osSemaphoreCreate
                0x0000000008006474       0x7e ./Middlewares/Third_Party/FreeRTOS/Source/CMSIS_RTOS/cmsis_os.o
                0x0000000008006474                osSemaphoreCreate
 *fill*         0x00000000080064f2        0x2 
 .text.osSemaphoreWait
                0x00000000080064f4       0x9c ./Middlewares/Third_Party/FreeRTOS/Source/CMSIS_RTOS/cmsis_os.o
                0x00000000080064f4                osSemaphoreWait
 .text.osSemaphoreRelease
                0x0000000008006590       0x6c ./Middlewares/Third_Party/FreeRTOS/Source/CMSIS_RTOS/cmsis_os.o
                0x0000000008006590                osSemaphoreRelease
 .text.osMessageCreate
                0x00000000080065fc       0x50 ./Middlewares/Third_Party/FreeRTOS/Source/CMSIS_RTOS/cmsis_os.o
                0x00000000080065fc                osMessageCreate
 .text.osMessagePut
                0x000000000800664c       0x80 ./Middlewares/Third_Party/FreeRTOS/Source/CMSIS_RTOS/cmsis_os.o
                0x000000000800664c                osMessagePut
 .text.osMessageGet
                0x00000000080066cc       0xe8 ./Middlewares/Third_Party/FreeRTOS/Source/CMSIS_RTOS/cmsis_os.o
                0x00000000080066cc                osMessageGet
 .text.osThreadSuspend
                0x00000000080067b4       0x18 ./Middlewares/Third_Party/FreeRTOS/Source/CMSIS_RTOS/cmsis_os.o
                0x00000000080067b4                osThreadSuspend
 .text.osThreadResume
                0x00000000080067cc       0x44 ./Middlewares/Third_Party/FreeRTOS/Source/CMSIS_RTOS/cmsis_os.o
                0x00000000080067cc                osThreadResume
 .text.vListInitialise
                0x0000000008006810       0x40 ./Middlewares/Third_Party/FreeRTOS/Source/list.o
                0x0000000008006810                vListInitialise
 .text.vListInitialiseItem
                0x0000000008006850       0x1a ./Middlewares/Third_Party/FreeRTOS/Source/list.o
                0x0000000008006850                vListInitialiseItem
 .text.vListInsertEnd
                0x000000000800686a       0x48 ./Middlewares/Third_Party/FreeRTOS/Source/list.o
                0x000000000800686a                vListInsertEnd
 .text.vListInsert
                0x00000000080068b2       0x72 ./Middlewares/Third_Party/FreeRTOS/Source/list.o
                0x00000000080068b2                vListInsert
 .text.uxListRemove
                0x0000000008006924       0x54 ./Middlewares/Third_Party/FreeRTOS/Source/list.o
                0x0000000008006924                uxListRemove
 .text.xQueueGenericReset
                0x0000000008006978       0xd0 ./Middlewares/Third_Party/FreeRTOS/Source/queue.o
                0x0000000008006978                xQueueGenericReset
 .text.xQueueGenericCreateStatic
                0x0000000008006a48       0xf0 ./Middlewares/Third_Party/FreeRTOS/Source/queue.o
                0x0000000008006a48                xQueueGenericCreateStatic
 .text.xQueueGenericCreate
                0x0000000008006b38       0x74 ./Middlewares/Third_Party/FreeRTOS/Source/queue.o
                0x0000000008006b38                xQueueGenericCreate
 .text.prvInitialiseNewQueue
                0x0000000008006bac       0x3e ./Middlewares/Third_Party/FreeRTOS/Source/queue.o
 .text.prvInitialiseMutex
                0x0000000008006bea       0x34 ./Middlewares/Third_Party/FreeRTOS/Source/queue.o
 .text.xQueueCreateMutex
                0x0000000008006c1e       0x30 ./Middlewares/Third_Party/FreeRTOS/Source/queue.o
                0x0000000008006c1e                xQueueCreateMutex
 .text.xQueueCreateMutexStatic
                0x0000000008006c4e       0x36 ./Middlewares/Third_Party/FreeRTOS/Source/queue.o
                0x0000000008006c4e                xQueueCreateMutexStatic
 .text.xQueueCreateCountingSemaphoreStatic
                0x0000000008006c84       0x6e ./Middlewares/Third_Party/FreeRTOS/Source/queue.o
                0x0000000008006c84                xQueueCreateCountingSemaphoreStatic
 .text.xQueueCreateCountingSemaphore
                0x0000000008006cf2       0x66 ./Middlewares/Third_Party/FreeRTOS/Source/queue.o
                0x0000000008006cf2                xQueueCreateCountingSemaphore
 .text.xQueueGenericSend
                0x0000000008006d58      0x1fc ./Middlewares/Third_Party/FreeRTOS/Source/queue.o
                0x0000000008006d58                xQueueGenericSend
 .text.xQueueGenericSendFromISR
                0x0000000008006f54      0x136 ./Middlewares/Third_Party/FreeRTOS/Source/queue.o
                0x0000000008006f54                xQueueGenericSendFromISR
 .text.xQueueGiveFromISR
                0x000000000800708a      0x11a ./Middlewares/Third_Party/FreeRTOS/Source/queue.o
                0x000000000800708a                xQueueGiveFromISR
 .text.xQueueReceive
                0x00000000080071a4      0x1c0 ./Middlewares/Third_Party/FreeRTOS/Source/queue.o
                0x00000000080071a4                xQueueReceive
 .text.xQueueSemaphoreTake
                0x0000000008007364      0x218 ./Middlewares/Third_Party/FreeRTOS/Source/queue.o
                0x0000000008007364                xQueueSemaphoreTake
 .text.xQueueReceiveFromISR
                0x000000000800757c      0x100 ./Middlewares/Third_Party/FreeRTOS/Source/queue.o
                0x000000000800757c                xQueueReceiveFromISR
 .text.prvGetDisinheritPriorityAfterTimeout
                0x000000000800767c       0x30 ./Middlewares/Third_Party/FreeRTOS/Source/queue.o
 .text.prvCopyDataToQueue
                0x00000000080076ac       0xd4 ./Middlewares/Third_Party/FreeRTOS/Source/queue.o
 .text.prvCopyDataFromQueue
                0x0000000008007780       0x4c ./Middlewares/Third_Party/FreeRTOS/Source/queue.o
 .text.prvUnlockQueue
                0x00000000080077cc       0xa4 ./Middlewares/Third_Party/FreeRTOS/Source/queue.o
 .text.prvIsQueueEmpty
                0x0000000008007870       0x2c ./Middlewares/Third_Party/FreeRTOS/Source/queue.o
 .text.prvIsQueueFull
                0x000000000800789c       0x30 ./Middlewares/Third_Party/FreeRTOS/Source/queue.o
 .text.vQueueAddToRegistry
                0x00000000080078cc       0x54 ./Middlewares/Third_Party/FreeRTOS/Source/queue.o
                0x00000000080078cc                vQueueAddToRegistry
 .text.vQueueWaitForMessageRestricted
                0x0000000008007920       0x68 ./Middlewares/Third_Party/FreeRTOS/Source/queue.o
                0x0000000008007920                vQueueWaitForMessageRestricted
 .text.xTaskCreateStatic
                0x0000000008007988       0xba ./Middlewares/Third_Party/FreeRTOS/Source/tasks.o
                0x0000000008007988                xTaskCreateStatic
 .text.xTaskCreate
                0x0000000008007a42       0x8a ./Middlewares/Third_Party/FreeRTOS/Source/tasks.o
                0x0000000008007a42                xTaskCreate
 .text.prvInitialiseNewTask
                0x0000000008007acc      0x13c ./Middlewares/Third_Party/FreeRTOS/Source/tasks.o
 .text.prvAddNewTaskToReadyList
                0x0000000008007c08       0xd4 ./Middlewares/Third_Party/FreeRTOS/Source/tasks.o
 .text.vTaskDelay
                0x0000000008007cdc       0x68 ./Middlewares/Third_Party/FreeRTOS/Source/tasks.o
                0x0000000008007cdc                vTaskDelay
 .text.vTaskSuspend
                0x0000000008007d44      0x124 ./Middlewares/Third_Party/FreeRTOS/Source/tasks.o
                0x0000000008007d44                vTaskSuspend
 .text.prvTaskIsTaskSuspended
                0x0000000008007e68       0x64 ./Middlewares/Third_Party/FreeRTOS/Source/tasks.o
 .text.vTaskResume
                0x0000000008007ecc       0xbc ./Middlewares/Third_Party/FreeRTOS/Source/tasks.o
                0x0000000008007ecc                vTaskResume
 .text.xTaskResumeFromISR
                0x0000000008007f88       0xe4 ./Middlewares/Third_Party/FreeRTOS/Source/tasks.o
                0x0000000008007f88                xTaskResumeFromISR
 .text.vTaskStartScheduler
                0x000000000800806c       0xe0 ./Middlewares/Third_Party/FreeRTOS/Source/tasks.o
                0x000000000800806c                vTaskStartScheduler
 .text.vTaskSuspendAll
                0x000000000800814c       0x1c ./Middlewares/Third_Party/FreeRTOS/Source/tasks.o
                0x000000000800814c                vTaskSuspendAll
 .text.xTaskResumeAll
                0x0000000008008168      0x138 ./Middlewares/Third_Party/FreeRTOS/Source/tasks.o
                0x0000000008008168                xTaskResumeAll
 .text.xTaskGetTickCount
                0x00000000080082a0       0x20 ./Middlewares/Third_Party/FreeRTOS/Source/tasks.o
                0x00000000080082a0                xTaskGetTickCount
 .text.xTaskIncrementTick
                0x00000000080082c0      0x170 ./Middlewares/Third_Party/FreeRTOS/Source/tasks.o
                0x00000000080082c0                xTaskIncrementTick
 .text.vTaskSwitchContext
                0x0000000008008430       0xc4 ./Middlewares/Third_Party/FreeRTOS/Source/tasks.o
                0x0000000008008430                vTaskSwitchContext
 .text.vTaskPlaceOnEventList
                0x00000000080084f4       0x48 ./Middlewares/Third_Party/FreeRTOS/Source/tasks.o
                0x00000000080084f4                vTaskPlaceOnEventList
 .text.vTaskPlaceOnEventListRestricted
                0x000000000800853c       0x58 ./Middlewares/Third_Party/FreeRTOS/Source/tasks.o
                0x000000000800853c                vTaskPlaceOnEventListRestricted
 .text.xTaskRemoveFromEventList
                0x0000000008008594       0xc4 ./Middlewares/Third_Party/FreeRTOS/Source/tasks.o
                0x0000000008008594                xTaskRemoveFromEventList
 .text.vTaskInternalSetTimeOutState
                0x0000000008008658       0x2c ./Middlewares/Third_Party/FreeRTOS/Source/tasks.o
                0x0000000008008658                vTaskInternalSetTimeOutState
 .text.xTaskCheckForTimeOut
                0x0000000008008684       0xc4 ./Middlewares/Third_Party/FreeRTOS/Source/tasks.o
                0x0000000008008684                xTaskCheckForTimeOut
 .text.vTaskMissedYield
                0x0000000008008748       0x18 ./Middlewares/Third_Party/FreeRTOS/Source/tasks.o
                0x0000000008008748                vTaskMissedYield
 .text.prvIdleTask
                0x0000000008008760       0x30 ./Middlewares/Third_Party/FreeRTOS/Source/tasks.o
 .text.prvInitialiseTaskLists
                0x0000000008008790       0x80 ./Middlewares/Third_Party/FreeRTOS/Source/tasks.o
 .text.prvCheckTasksWaitingTermination
                0x0000000008008810       0x5c ./Middlewares/Third_Party/FreeRTOS/Source/tasks.o
 .text.prvDeleteTCB
                0x000000000800886c       0x68 ./Middlewares/Third_Party/FreeRTOS/Source/tasks.o
 .text.prvResetNextTaskUnblockTime
                0x00000000080088d4       0x40 ./Middlewares/Third_Party/FreeRTOS/Source/tasks.o
 .text.xTaskGetSchedulerState
                0x0000000008008914       0x3c ./Middlewares/Third_Party/FreeRTOS/Source/tasks.o
                0x0000000008008914                xTaskGetSchedulerState
 .text.xTaskPriorityInherit
                0x0000000008008950       0xec ./Middlewares/Third_Party/FreeRTOS/Source/tasks.o
                0x0000000008008950                xTaskPriorityInherit
 .text.xTaskPriorityDisinherit
                0x0000000008008a3c      0x10c ./Middlewares/Third_Party/FreeRTOS/Source/tasks.o
                0x0000000008008a3c                xTaskPriorityDisinherit
 .text.vTaskPriorityDisinheritAfterTimeout
                0x0000000008008b48      0x11c ./Middlewares/Third_Party/FreeRTOS/Source/tasks.o
                0x0000000008008b48                vTaskPriorityDisinheritAfterTimeout
 .text.pvTaskIncrementMutexHeldCount
                0x0000000008008c64       0x28 ./Middlewares/Third_Party/FreeRTOS/Source/tasks.o
                0x0000000008008c64                pvTaskIncrementMutexHeldCount
 .text.prvAddCurrentTaskToDelayedList
                0x0000000008008c8c       0xcc ./Middlewares/Third_Party/FreeRTOS/Source/tasks.o
 .text.xTimerCreateTimerTask
                0x0000000008008d58       0x90 ./Middlewares/Third_Party/FreeRTOS/Source/timers.o
                0x0000000008008d58                xTimerCreateTimerTask
 .text.xTimerCreate
                0x0000000008008de8       0x42 ./Middlewares/Third_Party/FreeRTOS/Source/timers.o
                0x0000000008008de8                xTimerCreate
 .text.xTimerCreateStatic
                0x0000000008008e2a       0x7c ./Middlewares/Third_Party/FreeRTOS/Source/timers.o
                0x0000000008008e2a                xTimerCreateStatic
 .text.prvInitialiseNewTimer
                0x0000000008008ea6       0x76 ./Middlewares/Third_Party/FreeRTOS/Source/timers.o
 .text.xTimerGenericCommand
                0x0000000008008f1c       0x9c ./Middlewares/Third_Party/FreeRTOS/Source/timers.o
                0x0000000008008f1c                xTimerGenericCommand
 .text.prvProcessExpiredTimer
                0x0000000008008fb8       0x98 ./Middlewares/Third_Party/FreeRTOS/Source/timers.o
 .text.prvTimerTask
                0x0000000008009050       0x24 ./Middlewares/Third_Party/FreeRTOS/Source/timers.o
 .text.prvProcessTimerOrBlockTask
                0x0000000008009074       0x9c ./Middlewares/Third_Party/FreeRTOS/Source/timers.o
 .text.prvGetNextExpireTime
                0x0000000008009110       0x48 ./Middlewares/Third_Party/FreeRTOS/Source/timers.o
 .text.prvSampleTimeNow
                0x0000000008009158       0x40 ./Middlewares/Third_Party/FreeRTOS/Source/timers.o
 .text.prvInsertTimerInActiveList
                0x0000000008009198       0x84 ./Middlewares/Third_Party/FreeRTOS/Source/timers.o
 .text.prvProcessReceivedCommands
                0x000000000800921c      0x18c ./Middlewares/Third_Party/FreeRTOS/Source/timers.o
 .text.prvSwitchTimerLists
                0x00000000080093a8       0xc8 ./Middlewares/Third_Party/FreeRTOS/Source/timers.o
 .text.prvCheckForValidListAndQueue
                0x0000000008009470       0x80 ./Middlewares/Third_Party/FreeRTOS/Source/timers.o
 .text.pxPortInitialiseStack
                0x00000000080094f0       0x68 ./Middlewares/Third_Party/FreeRTOS/Source/portable/GCC/ARM_CM4F/port.o
                0x00000000080094f0                pxPortInitialiseStack
 .text.prvTaskExitError
                0x0000000008009558       0x58 ./Middlewares/Third_Party/FreeRTOS/Source/portable/GCC/ARM_CM4F/port.o
 .text.SVC_Handler
                0x00000000080095b0       0x28 ./Middlewares/Third_Party/FreeRTOS/Source/portable/GCC/ARM_CM4F/port.o
                0x00000000080095b0                SVC_Handler
 .text.prvPortStartFirstTask
                0x00000000080095d8       0x28 ./Middlewares/Third_Party/FreeRTOS/Source/portable/GCC/ARM_CM4F/port.o
 .text.xPortStartScheduler
                0x0000000008009600      0x144 ./Middlewares/Third_Party/FreeRTOS/Source/portable/GCC/ARM_CM4F/port.o
                0x0000000008009600                xPortStartScheduler
 .text.vPortEnterCritical
                0x0000000008009744       0x60 ./Middlewares/Third_Party/FreeRTOS/Source/portable/GCC/ARM_CM4F/port.o
                0x0000000008009744                vPortEnterCritical
 .text.vPortExitCritical
                0x00000000080097a4       0x54 ./Middlewares/Third_Party/FreeRTOS/Source/portable/GCC/ARM_CM4F/port.o
                0x00000000080097a4                vPortExitCritical
 *fill*         0x00000000080097f8        0x8 
 .text.PendSV_Handler
                0x0000000008009800       0x68 ./Middlewares/Third_Party/FreeRTOS/Source/portable/GCC/ARM_CM4F/port.o
                0x0000000008009800                PendSV_Handler
 .text.SysTick_Handler
                0x0000000008009868       0x44 ./Middlewares/Third_Party/FreeRTOS/Source/portable/GCC/ARM_CM4F/port.o
                0x0000000008009868                SysTick_Handler
 .text.vPortSetupTimerInterrupt
                0x00000000080098ac       0x48 ./Middlewares/Third_Party/FreeRTOS/Source/portable/GCC/ARM_CM4F/port.o
                0x00000000080098ac                vPortSetupTimerInterrupt
 .text.vPortEnableVFP
                0x00000000080098f4       0x14 ./Middlewares/Third_Party/FreeRTOS/Source/portable/GCC/ARM_CM4F/port.o
 .text.vPortValidateInterruptPriority
                0x0000000008009908       0x80 ./Middlewares/Third_Party/FreeRTOS/Source/portable/GCC/ARM_CM4F/port.o
                0x0000000008009908                vPortValidateInterruptPriority
 .text.pvPortMalloc
                0x0000000008009988      0x198 ./Middlewares/Third_Party/FreeRTOS/Source/portable/MemMang/heap_4.o
                0x0000000008009988                pvPortMalloc
 .text.vPortFree
                0x0000000008009b20       0xc4 ./Middlewares/Third_Party/FreeRTOS/Source/portable/MemMang/heap_4.o
                0x0000000008009b20                vPortFree
 .text.prvHeapInit
                0x0000000008009be4       0xc4 ./Middlewares/Third_Party/FreeRTOS/Source/portable/MemMang/heap_4.o
 .text.prvInsertBlockIntoFreeList
                0x0000000008009ca8       0xb4 ./Middlewares/Third_Party/FreeRTOS/Source/portable/MemMang/heap_4.o
 .text.ThreadM95Task
                0x0000000008009d5c      0x3fc ./User/M95Task.o
                0x0000000008009d5c                ThreadM95Task
 .text.__NVIC_SystemReset
                0x000000000800a158       0x2c ./User/MainTask.o
 .text.ThreadMainTask
                0x000000000800a184      0x8d8 ./User/MainTask.o
                0x000000000800a184                ThreadMainTask
 .text.ThreadModbusPacketTask
                0x000000000800aa5c      0x540 ./User/ModbusPacketTask.o
                0x000000000800aa5c                ThreadModbusPacketTask
 .text.ThreadModbusTask
                0x000000000800af9c      0x4a0 ./User/ModbusTask.o
                0x000000000800af9c                ThreadModbusTask
 .text.ThreadReadRegistersTask
                0x000000000800b43c       0x60 ./User/ReadRegistersTask.o
                0x000000000800b43c                ThreadReadRegistersTask
 .text.fm25v02_read
                0x000000000800b49c       0x74 ./User/fm25v02.o
                0x000000000800b49c                fm25v02_read
 .text.fm25v02_write
                0x000000000800b510       0x98 ./User/fm25v02.o
                0x000000000800b510                fm25v02_write
 .text.fm25v02_fast_write
                0x000000000800b5a8       0x48 ./User/fm25v02.o
                0x000000000800b5a8                fm25v02_fast_write
 .text.fm25v02_fast_read
                0x000000000800b5f0       0x7c ./User/fm25v02.o
                0x000000000800b5f0                fm25v02_fast_read
 .text.BUZ_ON   0x000000000800b66c       0x18 ./User/gpio.o
                0x000000000800b66c                BUZ_ON
 .text.BUZ_OFF  0x000000000800b684       0x18 ./User/gpio.o
                0x000000000800b684                BUZ_OFF
 .text.LED1_OFF
                0x000000000800b69c       0x18 ./User/gpio.o
                0x000000000800b69c                LED1_OFF
 .text.LED1_ON  0x000000000800b6b4       0x18 ./User/gpio.o
                0x000000000800b6b4                LED1_ON
 .text.find_str
                0x000000000800b6cc       0x68 ./User/m95.o
                0x000000000800b6cc                find_str
 .text.m95_power_on
                0x000000000800b734       0x40 ./User/m95.o
                0x000000000800b734                m95_power_on
 .text.m95_power_off
                0x000000000800b774       0x40 ./User/m95.o
                0x000000000800b774                m95_power_off
 .text.modem_rx_buffer_clear
                0x000000000800b7b4       0x34 ./User/m95.o
                0x000000000800b7b4                modem_rx_buffer_clear
 .text.ATE0     0x000000000800b7e8       0xac ./User/m95.o
                0x000000000800b7e8                ATE0
 .text.AT       0x000000000800b894       0xac ./User/m95.o
                0x000000000800b894                AT
 .text.AT_CSQ   0x000000000800b940       0xfc ./User/m95.o
                0x000000000800b940                AT_CSQ
 .text.AT_CIPSTATUS
                0x000000000800ba3c      0x278 ./User/m95.o
                0x000000000800ba3c                AT_CIPSTATUS
 .text.AT_CSTT  0x000000000800bcb4       0xf8 ./User/m95.o
                0x000000000800bcb4                AT_CSTT
 .text.AT_CIICR
                0x000000000800bdac       0xd4 ./User/m95.o
                0x000000000800bdac                AT_CIICR
 .text.AT_CIFSR
                0x000000000800be80       0xd4 ./User/m95.o
                0x000000000800be80                AT_CIFSR
 .text.AT_CIPSTART
                0x000000000800bf54      0x19c ./User/m95.o
                0x000000000800bf54                AT_CIPSTART
 .text.AT_CIPSEND
                0x000000000800c0f0      0x128 ./User/m95.o
                0x000000000800c0f0                AT_CIPSEND
 .text.AT_CIPSHUT
                0x000000000800c218       0xd4 ./User/m95.o
                0x000000000800c218                AT_CIPSHUT
 .text.AT_CCID  0x000000000800c2ec      0x714 ./User/m95.o
                0x000000000800c2ec                AT_CCID
 .text.read_status_registers
                0x000000000800ca00      0x6b0 ./User/modbus.o
                0x000000000800ca00                read_status_registers
 .text.read_control_registers
                0x000000000800d0b0      0x704 ./User/modbus.o
                0x000000000800d0b0                read_control_registers
 .text.read_bootloader_registers
                0x000000000800d7b4      0x6a8 ./User/modbus.o
                0x000000000800d7b4                read_bootloader_registers
 .text.read_bootloader_registers_no_rtos
                0x000000000800de5c      0x688 ./User/modbus.o
                0x000000000800de5c                read_bootloader_registers_no_rtos
 .text.read_change_boot_registers
                0x000000000800e4e4      0x294 ./User/modbus.o
                0x000000000800e4e4                read_change_boot_registers
 .text.CRC16    0x000000000800e778       0x64 ./User/modbus.o
                0x000000000800e778                CRC16
 .text.__errno  0x000000000800e7dc        0xc c:/st/stm32cubeide_1.8.0/stm32cubeide/plugins/com.st.stm32cube.ide.mcu.externaltools.gnu-tools-for-stm32.9-2020-q2-update.win32_2.0.0.202105311346/tools/bin/../lib/gcc/arm-none-eabi/9.3.1/../../../../arm-none-eabi/lib/thumb/v7e-m+fp/hard\libc_nano.a(lib_a-errno.o)
                0x000000000800e7dc                __errno
 .text.__libc_init_array
                0x000000000800e7e8       0x48 c:/st/stm32cubeide_1.8.0/stm32cubeide/plugins/com.st.stm32cube.ide.mcu.externaltools.gnu-tools-for-stm32.9-2020-q2-update.win32_2.0.0.202105311346/tools/bin/../lib/gcc/arm-none-eabi/9.3.1/../../../../arm-none-eabi/lib/thumb/v7e-m+fp/hard\libc_nano.a(lib_a-init.o)
                0x000000000800e7e8                __libc_init_array
 .text.__retarget_lock_acquire_recursive
                0x000000000800e830        0x2 c:/st/stm32cubeide_1.8.0/stm32cubeide/plugins/com.st.stm32cube.ide.mcu.externaltools.gnu-tools-for-stm32.9-2020-q2-update.win32_2.0.0.202105311346/tools/bin/../lib/gcc/arm-none-eabi/9.3.1/../../../../arm-none-eabi/lib/thumb/v7e-m+fp/hard\libc_nano.a(lib_a-lock.o)
                0x000000000800e830                __retarget_lock_acquire_recursive
 .text.__retarget_lock_release_recursive
                0x000000000800e832        0x2 c:/st/stm32cubeide_1.8.0/stm32cubeide/plugins/com.st.stm32cube.ide.mcu.externaltools.gnu-tools-for-stm32.9-2020-q2-update.win32_2.0.0.202105311346/tools/bin/../lib/gcc/arm-none-eabi/9.3.1/../../../../arm-none-eabi/lib/thumb/v7e-m+fp/hard\libc_nano.a(lib_a-lock.o)
                0x000000000800e832                __retarget_lock_release_recursive
 .text.memcpy   0x000000000800e834       0x1c c:/st/stm32cubeide_1.8.0/stm32cubeide/plugins/com.st.stm32cube.ide.mcu.externaltools.gnu-tools-for-stm32.9-2020-q2-update.win32_2.0.0.202105311346/tools/bin/../lib/gcc/arm-none-eabi/9.3.1/../../../../arm-none-eabi/lib/thumb/v7e-m+fp/hard\libc_nano.a(lib_a-memcpy-stub.o)
                0x000000000800e834                memcpy
 .text.memset   0x000000000800e850       0x10 c:/st/stm32cubeide_1.8.0/stm32cubeide/plugins/com.st.stm32cube.ide.mcu.externaltools.gnu-tools-for-stm32.9-2020-q2-update.win32_2.0.0.202105311346/tools/bin/../lib/gcc/arm-none-eabi/9.3.1/../../../../arm-none-eabi/lib/thumb/v7e-m+fp/hard\libc_nano.a(lib_a-memset.o)
                0x000000000800e850                memset
 .text._malloc_r
                0x000000000800e860       0xb4 c:/st/stm32cubeide_1.8.0/stm32cubeide/plugins/com.st.stm32cube.ide.mcu.externaltools.gnu-tools-for-stm32.9-2020-q2-update.win32_2.0.0.202105311346/tools/bin/../lib/gcc/arm-none-eabi/9.3.1/../../../../arm-none-eabi/lib/thumb/v7e-m+fp/hard\libc_nano.a(lib_a-nano-mallocr.o)
                0x000000000800e860                _malloc_r
 .text.cleanup_glue
                0x000000000800e914       0x1a c:/st/stm32cubeide_1.8.0/stm32cubeide/plugins/com.st.stm32cube.ide.mcu.externaltools.gnu-tools-for-stm32.9-2020-q2-update.win32_2.0.0.202105311346/tools/bin/../lib/gcc/arm-none-eabi/9.3.1/../../../../arm-none-eabi/lib/thumb/v7e-m+fp/hard\libc_nano.a(lib_a-reent.o)
                0x000000000800e914                cleanup_glue
 *fill*         0x000000000800e92e        0x2 
 .text._reclaim_reent
                0x000000000800e930       0xb8 c:/st/stm32cubeide_1.8.0/stm32cubeide/plugins/com.st.stm32cube.ide.mcu.externaltools.gnu-tools-for-stm32.9-2020-q2-update.win32_2.0.0.202105311346/tools/bin/../lib/gcc/arm-none-eabi/9.3.1/../../../../arm-none-eabi/lib/thumb/v7e-m+fp/hard\libc_nano.a(lib_a-reent.o)
                0x000000000800e930                _reclaim_reent
 .text._sbrk_r  0x000000000800e9e8       0x20 c:/st/stm32cubeide_1.8.0/stm32cubeide/plugins/com.st.stm32cube.ide.mcu.externaltools.gnu-tools-for-stm32.9-2020-q2-update.win32_2.0.0.202105311346/tools/bin/../lib/gcc/arm-none-eabi/9.3.1/../../../../arm-none-eabi/lib/thumb/v7e-m+fp/hard\libc_nano.a(lib_a-sbrkr.o)
                0x000000000800e9e8                _sbrk_r
 .text.sprintf  0x000000000800ea08       0x40 c:/st/stm32cubeide_1.8.0/stm32cubeide/plugins/com.st.stm32cube.ide.mcu.externaltools.gnu-tools-for-stm32.9-2020-q2-update.win32_2.0.0.202105311346/tools/bin/../lib/gcc/arm-none-eabi/9.3.1/../../../../arm-none-eabi/lib/thumb/v7e-m+fp/hard\libc_nano.a(lib_a-sprintf.o)
                0x000000000800ea08                siprintf
                0x000000000800ea08                sprintf
 .text.strstr   0x000000000800ea48       0x2e c:/st/stm32cubeide_1.8.0/stm32cubeide/plugins/com.st.stm32cube.ide.mcu.externaltools.gnu-tools-for-stm32.9-2020-q2-update.win32_2.0.0.202105311346/tools/bin/../lib/gcc/arm-none-eabi/9.3.1/../../../../arm-none-eabi/lib/thumb/v7e-m+fp/hard\libc_nano.a(lib_a-strstr.o)
                0x000000000800ea48                strstr
 *fill*         0x000000000800ea76        0x2 
 .text.__malloc_lock
                0x000000000800ea78        0xc c:/st/stm32cubeide_1.8.0/stm32cubeide/plugins/com.st.stm32cube.ide.mcu.externaltools.gnu-tools-for-stm32.9-2020-q2-update.win32_2.0.0.202105311346/tools/bin/../lib/gcc/arm-none-eabi/9.3.1/../../../../arm-none-eabi/lib/thumb/v7e-m+fp/hard\libc_nano.a(lib_a-mlock.o)
                0x000000000800ea78                __malloc_lock
 .text.__malloc_unlock
                0x000000000800ea84        0xc c:/st/stm32cubeide_1.8.0/stm32cubeide/plugins/com.st.stm32cube.ide.mcu.externaltools.gnu-tools-for-stm32.9-2020-q2-update.win32_2.0.0.202105311346/tools/bin/../lib/gcc/arm-none-eabi/9.3.1/../../../../arm-none-eabi/lib/thumb/v7e-m+fp/hard\libc_nano.a(lib_a-mlock.o)
                0x000000000800ea84                __malloc_unlock
 .text._free_r  0x000000000800ea90       0xa0 c:/st/stm32cubeide_1.8.0/stm32cubeide/plugins/com.st.stm32cube.ide.mcu.externaltools.gnu-tools-for-stm32.9-2020-q2-update.win32_2.0.0.202105311346/tools/bin/../lib/gcc/arm-none-eabi/9.3.1/../../../../arm-none-eabi/lib/thumb/v7e-m+fp/hard\libc_nano.a(lib_a-nano-freer.o)
                0x000000000800ea90                _free_r
 .text.__ssputs_r
                0x000000000800eb30       0xb6 c:/st/stm32cubeide_1.8.0/stm32cubeide/plugins/com.st.stm32cube.ide.mcu.externaltools.gnu-tools-for-stm32.9-2020-q2-update.win32_2.0.0.202105311346/tools/bin/../lib/gcc/arm-none-eabi/9.3.1/../../../../arm-none-eabi/lib/thumb/v7e-m+fp/hard\libc_nano.a(lib_a-nano-svfprintf.o)
                0x000000000800eb30                __ssputs_r
 *fill*         0x000000000800ebe6        0x2 
 .text._svfprintf_r
                0x000000000800ebe8      0x200 c:/st/stm32cubeide_1.8.0/stm32cubeide/plugins/com.st.stm32cube.ide.mcu.externaltools.gnu-tools-for-stm32.9-2020-q2-update.win32_2.0.0.202105311346/tools/bin/../lib/gcc/arm-none-eabi/9.3.1/../../../../arm-none-eabi/lib/thumb/v7e-m+fp/hard\libc_nano.a(lib_a-nano-svfprintf.o)
                0x000000000800ebe8                _svfiprintf_r
                0x000000000800ebe8                _svfprintf_r
 .text._printf_common
                0x000000000800ede8       0xda c:/st/stm32cubeide_1.8.0/stm32cubeide/plugins/com.st.stm32cube.ide.mcu.externaltools.gnu-tools-for-stm32.9-2020-q2-update.win32_2.0.0.202105311346/tools/bin/../lib/gcc/arm-none-eabi/9.3.1/../../../../arm-none-eabi/lib/thumb/v7e-m+fp/hard\libc_nano.a(lib_a-nano-vfprintf_i.o)
                0x000000000800ede8                _printf_common
 *fill*         0x000000000800eec2        0x2 
 .text._printf_i
                0x000000000800eec4      0x24c c:/st/stm32cubeide_1.8.0/stm32cubeide/plugins/com.st.stm32cube.ide.mcu.externaltools.gnu-tools-for-stm32.9-2020-q2-update.win32_2.0.0.202105311346/tools/bin/../lib/gcc/arm-none-eabi/9.3.1/../../../../arm-none-eabi/lib/thumb/v7e-m+fp/hard\libc_nano.a(lib_a-nano-vfprintf_i.o)
                0x000000000800eec4                _printf_i
 .text.memmove  0x000000000800f110       0x34 c:/st/stm32cubeide_1.8.0/stm32cubeide/plugins/com.st.stm32cube.ide.mcu.externaltools.gnu-tools-for-stm32.9-2020-q2-update.win32_2.0.0.202105311346/tools/bin/../lib/gcc/arm-none-eabi/9.3.1/../../../../arm-none-eabi/lib/thumb/v7e-m+fp/hard\libc_nano.a(lib_a-memmove.o)
                0x000000000800f110                memmove
 .text._realloc_r
                0x000000000800f144       0x4c c:/st/stm32cubeide_1.8.0/stm32cubeide/plugins/com.st.stm32cube.ide.mcu.externaltools.gnu-tools-for-stm32.9-2020-q2-update.win32_2.0.0.202105311346/tools/bin/../lib/gcc/arm-none-eabi/9.3.1/../../../../arm-none-eabi/lib/thumb/v7e-m+fp/hard\libc_nano.a(lib_a-nano-reallocr.o)
                0x000000000800f144                _realloc_r
 .text._malloc_usable_size_r
                0x000000000800f190       0x10 c:/st/stm32cubeide_1.8.0/stm32cubeide/plugins/com.st.stm32cube.ide.mcu.externaltools.gnu-tools-for-stm32.9-2020-q2-update.win32_2.0.0.202105311346/tools/bin/../lib/gcc/arm-none-eabi/9.3.1/../../../../arm-none-eabi/lib/thumb/v7e-m+fp/hard\libc_nano.a(lib_a-nano-msizer.o)
                0x000000000800f190                _malloc_usable_size_r
 *(.glue_7)
 .glue_7        0x000000000800f1a0        0x0 linker stubs
 *(.glue_7t)
 .glue_7t       0x000000000800f1a0        0x0 linker stubs
 *(.eh_frame)
 .eh_frame      0x000000000800f1a0        0x0 c:/st/stm32cubeide_1.8.0/stm32cubeide/plugins/com.st.stm32cube.ide.mcu.externaltools.gnu-tools-for-stm32.9-2020-q2-update.win32_2.0.0.202105311346/tools/bin/../lib/gcc/arm-none-eabi/9.3.1/thumb/v7e-m+fp/hard/crtbegin.o
 *(.init)
 .init          0x000000000800f1a0        0x4 c:/st/stm32cubeide_1.8.0/stm32cubeide/plugins/com.st.stm32cube.ide.mcu.externaltools.gnu-tools-for-stm32.9-2020-q2-update.win32_2.0.0.202105311346/tools/bin/../lib/gcc/arm-none-eabi/9.3.1/thumb/v7e-m+fp/hard/crti.o
                0x000000000800f1a0                _init
 .init          0x000000000800f1a4        0x8 c:/st/stm32cubeide_1.8.0/stm32cubeide/plugins/com.st.stm32cube.ide.mcu.externaltools.gnu-tools-for-stm32.9-2020-q2-update.win32_2.0.0.202105311346/tools/bin/../lib/gcc/arm-none-eabi/9.3.1/thumb/v7e-m+fp/hard/crtn.o
 *(.fini)
 .fini          0x000000000800f1ac        0x4 c:/st/stm32cubeide_1.8.0/stm32cubeide/plugins/com.st.stm32cube.ide.mcu.externaltools.gnu-tools-for-stm32.9-2020-q2-update.win32_2.0.0.202105311346/tools/bin/../lib/gcc/arm-none-eabi/9.3.1/thumb/v7e-m+fp/hard/crti.o
                0x000000000800f1ac                _fini
 .fini          0x000000000800f1b0        0x8 c:/st/stm32cubeide_1.8.0/stm32cubeide/plugins/com.st.stm32cube.ide.mcu.externaltools.gnu-tools-for-stm32.9-2020-q2-update.win32_2.0.0.202105311346/tools/bin/../lib/gcc/arm-none-eabi/9.3.1/thumb/v7e-m+fp/hard/crtn.o
                0x000000000800f1b8                . = ALIGN (0x4)
                0x000000000800f1b8                _etext = .

.vfp11_veneer   0x000000000800f1b8        0x0
 .vfp11_veneer  0x000000000800f1b8        0x0 linker stubs

.v4_bx          0x000000000800f1b8        0x0
 .v4_bx         0x000000000800f1b8        0x0 linker stubs

.iplt           0x000000000800f1b8        0x0
 .iplt          0x000000000800f1b8        0x0 c:/st/stm32cubeide_1.8.0/stm32cubeide/plugins/com.st.stm32cube.ide.mcu.externaltools.gnu-tools-for-stm32.9-2020-q2-update.win32_2.0.0.202105311346/tools/bin/../lib/gcc/arm-none-eabi/9.3.1/thumb/v7e-m+fp/hard/crtbegin.o

.rodata         0x000000000800f1b8      0x5d8
                0x000000000800f1b8                . = ALIGN (0x4)
 *(.rodata)
 .rodata        0x000000000800f1b8      0x10c ./Core/Src/main.o
 .rodata        0x000000000800f2c4        0x1 ./Middlewares/Third_Party/FreeRTOS/Source/CMSIS_RTOS/cmsis_os.o
 *fill*         0x000000000800f2c5        0x3 
 .rodata        0x000000000800f2c8        0x5 ./Middlewares/Third_Party/FreeRTOS/Source/tasks.o
 *fill*         0x000000000800f2cd        0x3 
 .rodata        0x000000000800f2d0        0xd ./Middlewares/Third_Party/FreeRTOS/Source/timers.o
 *fill*         0x000000000800f2dd        0x3 
 .rodata        0x000000000800f2e0       0x18 ./User/M95Task.o
 .rodata        0x000000000800f2f8      0x1e2 ./User/m95.o
 *(.rodata*)
 *fill*         0x000000000800f4da        0x2 
 .rodata.AHBPrescTable
                0x000000000800f4dc       0x10 ./Core/Src/system_stm32f4xx.o
                0x000000000800f4dc                AHBPrescTable
 .rodata.APBPrescTable
                0x000000000800f4ec        0x8 ./Core/Src/system_stm32f4xx.o
                0x000000000800f4ec                APBPrescTable
 .rodata.flagBitshiftOffset.8671
                0x000000000800f4f4        0x8 ./Drivers/STM32F4xx_HAL_Driver/Src/stm32f4xx_hal_dma.o
 .rodata.MB_Slave_aucCRCHi
                0x000000000800f4fc      0x100 ./User/modbus.o
                0x000000000800f4fc                MB_Slave_aucCRCHi
 .rodata.MB_Slave_aucCRCLo
                0x000000000800f5fc      0x100 ./User/modbus.o
                0x000000000800f5fc                MB_Slave_aucCRCLo
 .rodata.__sf_fake_stderr
                0x000000000800f6fc       0x20 c:/st/stm32cubeide_1.8.0/stm32cubeide/plugins/com.st.stm32cube.ide.mcu.externaltools.gnu-tools-for-stm32.9-2020-q2-update.win32_2.0.0.202105311346/tools/bin/../lib/gcc/arm-none-eabi/9.3.1/../../../../arm-none-eabi/lib/thumb/v7e-m+fp/hard\libc_nano.a(lib_a-findfp.o)
                0x000000000800f6fc                __sf_fake_stderr
 .rodata.__sf_fake_stdin
                0x000000000800f71c       0x20 c:/st/stm32cubeide_1.8.0/stm32cubeide/plugins/com.st.stm32cube.ide.mcu.externaltools.gnu-tools-for-stm32.9-2020-q2-update.win32_2.0.0.202105311346/tools/bin/../lib/gcc/arm-none-eabi/9.3.1/../../../../arm-none-eabi/lib/thumb/v7e-m+fp/hard\libc_nano.a(lib_a-findfp.o)
                0x000000000800f71c                __sf_fake_stdin
 .rodata.__sf_fake_stdout
                0x000000000800f73c       0x20 c:/st/stm32cubeide_1.8.0/stm32cubeide/plugins/com.st.stm32cube.ide.mcu.externaltools.gnu-tools-for-stm32.9-2020-q2-update.win32_2.0.0.202105311346/tools/bin/../lib/gcc/arm-none-eabi/9.3.1/../../../../arm-none-eabi/lib/thumb/v7e-m+fp/hard\libc_nano.a(lib_a-findfp.o)
                0x000000000800f73c                __sf_fake_stdout
 .rodata._svfprintf_r.str1.1
                0x000000000800f75c       0x11 c:/st/stm32cubeide_1.8.0/stm32cubeide/plugins/com.st.stm32cube.ide.mcu.externaltools.gnu-tools-for-stm32.9-2020-q2-update.win32_2.0.0.202105311346/tools/bin/../lib/gcc/arm-none-eabi/9.3.1/../../../../arm-none-eabi/lib/thumb/v7e-m+fp/hard\libc_nano.a(lib_a-nano-svfprintf.o)
 .rodata._printf_i.str1.1
                0x000000000800f76d       0x22 c:/st/stm32cubeide_1.8.0/stm32cubeide/plugins/com.st.stm32cube.ide.mcu.externaltools.gnu-tools-for-stm32.9-2020-q2-update.win32_2.0.0.202105311346/tools/bin/../lib/gcc/arm-none-eabi/9.3.1/../../../../arm-none-eabi/lib/thumb/v7e-m+fp/hard\libc_nano.a(lib_a-nano-vfprintf_i.o)
                0x000000000800f790                . = ALIGN (0x4)
 *fill*         0x000000000800f78f        0x1 

.ARM.extab      0x000000000800f790        0x0
                0x000000000800f790                . = ALIGN (0x4)
 *(.ARM.extab* .gnu.linkonce.armextab.*)
                0x000000000800f790                . = ALIGN (0x4)

.ARM            0x000000000800f790        0x8
                0x000000000800f790                . = ALIGN (0x4)
                0x000000000800f790                __exidx_start = .
 *(.ARM.exidx*)
 .ARM.exidx     0x000000000800f790        0x8 c:/st/stm32cubeide_1.8.0/stm32cubeide/plugins/com.st.stm32cube.ide.mcu.externaltools.gnu-tools-for-stm32.9-2020-q2-update.win32_2.0.0.202105311346/tools/bin/../lib/gcc/arm-none-eabi/9.3.1/thumb/v7e-m+fp/hard\libgcc.a(_udivmoddi4.o)
                0x000000000800f798                __exidx_end = .
                0x000000000800f798                . = ALIGN (0x4)

.rel.dyn        0x000000000800f798        0x0
 .rel.iplt      0x000000000800f798        0x0 c:/st/stm32cubeide_1.8.0/stm32cubeide/plugins/com.st.stm32cube.ide.mcu.externaltools.gnu-tools-for-stm32.9-2020-q2-update.win32_2.0.0.202105311346/tools/bin/../lib/gcc/arm-none-eabi/9.3.1/thumb/v7e-m+fp/hard/crtbegin.o

.preinit_array  0x000000000800f798        0x0
                0x000000000800f798                . = ALIGN (0x4)
                0x000000000800f798                PROVIDE (__preinit_array_start = .)
 *(.preinit_array*)
                0x000000000800f798                PROVIDE (__preinit_array_end = .)
                0x000000000800f798                . = ALIGN (0x4)

.init_array     0x000000000800f798        0x4
                0x000000000800f798                . = ALIGN (0x4)
                0x000000000800f798                PROVIDE (__init_array_start = .)
 *(SORT_BY_NAME(.init_array.*))
 *(.init_array*)
 .init_array    0x000000000800f798        0x4 c:/st/stm32cubeide_1.8.0/stm32cubeide/plugins/com.st.stm32cube.ide.mcu.externaltools.gnu-tools-for-stm32.9-2020-q2-update.win32_2.0.0.202105311346/tools/bin/../lib/gcc/arm-none-eabi/9.3.1/thumb/v7e-m+fp/hard/crtbegin.o
                0x000000000800f79c                PROVIDE (__init_array_end = .)
                0x000000000800f79c                . = ALIGN (0x4)

.fini_array     0x000000000800f79c        0x4
                0x000000000800f79c                . = ALIGN (0x4)
                [!provide]                        PROVIDE (__fini_array_start = .)
 *(SORT_BY_NAME(.fini_array.*))
 *(.fini_array*)
 .fini_array    0x000000000800f79c        0x4 c:/st/stm32cubeide_1.8.0/stm32cubeide/plugins/com.st.stm32cube.ide.mcu.externaltools.gnu-tools-for-stm32.9-2020-q2-update.win32_2.0.0.202105311346/tools/bin/../lib/gcc/arm-none-eabi/9.3.1/thumb/v7e-m+fp/hard/crtbegin.o
                [!provide]                        PROVIDE (__fini_array_end = .)
                0x000000000800f7a0                . = ALIGN (0x4)
                0x000000000800f7a0                _sidata = LOADADDR (.data)

.data           0x0000000020000000       0x84 load address 0x000000000800f7a0
                0x0000000020000000                . = ALIGN (0x4)
                0x0000000020000000                _sdata = .
 *(.data)
 *(.data*)
 .data.ApplicationAddress2
                0x0000000020000000        0x4 ./Core/Src/main.o
                0x0000000020000000                ApplicationAddress2
 .data.start_default_task_delay
                0x0000000020000004        0x4 ./Core/Src/main.o
                0x0000000020000004                start_default_task_delay
 .data.SystemCoreClock
                0x0000000020000008        0x4 ./Core/Src/system_stm32f4xx.o
                0x0000000020000008                SystemCoreClock
 .data.uwTickPrio
                0x000000002000000c        0x4 ./Drivers/STM32F4xx_HAL_Driver/Src/stm32f4xx_hal.o
                0x000000002000000c                uwTickPrio
 .data.uwTickFreq
                0x0000000020000010        0x1 ./Drivers/STM32F4xx_HAL_Driver/Src/stm32f4xx_hal.o
                0x0000000020000010                uwTickFreq
 *fill*         0x0000000020000011        0x3 
 .data.uxCriticalNesting
                0x0000000020000014        0x4 ./Middlewares/Third_Party/FreeRTOS/Source/portable/GCC/ARM_CM4F/port.o
 .data.send_ok  0x0000000020000018        0x8 ./User/m95.o
                0x0000000020000018                send_ok
 .data._impure_ptr
                0x0000000020000020        0x4 c:/st/stm32cubeide_1.8.0/stm32cubeide/plugins/com.st.stm32cube.ide.mcu.externaltools.gnu-tools-for-stm32.9-2020-q2-update.win32_2.0.0.202105311346/tools/bin/../lib/gcc/arm-none-eabi/9.3.1/../../../../arm-none-eabi/lib/thumb/v7e-m+fp/hard\libc_nano.a(lib_a-impure.o)
                0x0000000020000020                _impure_ptr
 .data.impure_data
                0x0000000020000024       0x60 c:/st/stm32cubeide_1.8.0/stm32cubeide/plugins/com.st.stm32cube.ide.mcu.externaltools.gnu-tools-for-stm32.9-2020-q2-update.win32_2.0.0.202105311346/tools/bin/../lib/gcc/arm-none-eabi/9.3.1/../../../../arm-none-eabi/lib/thumb/v7e-m+fp/hard\libc_nano.a(lib_a-impure.o)
 *(.RamFunc)
 *(.RamFunc*)
                0x0000000020000084                . = ALIGN (0x4)
                0x0000000020000084                _edata = .
                0x000000000800f824                _siccmram = LOADADDR (.ccmram)

.igot.plt       0x0000000020000084        0x0 load address 0x000000000800f824
 .igot.plt      0x0000000020000084        0x0 c:/st/stm32cubeide_1.8.0/stm32cubeide/plugins/com.st.stm32cube.ide.mcu.externaltools.gnu-tools-for-stm32.9-2020-q2-update.win32_2.0.0.202105311346/tools/bin/../lib/gcc/arm-none-eabi/9.3.1/thumb/v7e-m+fp/hard/crtbegin.o

.ccmram         0x0000000010000000        0x0 load address 0x000000000800f824
                0x0000000010000000                . = ALIGN (0x4)
                0x0000000010000000                _sccmram = .
 *(.ccmram)
 *(.ccmram*)
                0x0000000010000000                . = ALIGN (0x4)
                0x0000000010000000                _eccmram = .
                0x0000000010000000                . = ALIGN (0x4)

.bss            0x0000000020000088     0x9ec8
                0x0000000020000088                _sbss = .
                0x0000000020000088                __bss_start__ = _sbss
 *(.bss)
 .bss           0x0000000020000088       0x1c c:/st/stm32cubeide_1.8.0/stm32cubeide/plugins/com.st.stm32cube.ide.mcu.externaltools.gnu-tools-for-stm32.9-2020-q2-update.win32_2.0.0.202105311346/tools/bin/../lib/gcc/arm-none-eabi/9.3.1/thumb/v7e-m+fp/hard/crtbegin.o
 *(.bss*)
 .bss.xIdleTaskTCBBuffer
                0x00000000200000a4       0xb4 ./Core/Src/freertos.o
 .bss.xIdleStack
                0x0000000020000158      0x200 ./Core/Src/freertos.o
 .bss.xTimerTaskTCBBuffer
                0x0000000020000358       0xb4 ./Core/Src/freertos.o
 .bss.xTimerStack
                0x000000002000040c      0x400 ./Core/Src/freertos.o
 .bss.modem_rx_number
                0x000000002000080c        0x1 ./Core/Src/main.o
                0x000000002000080c                modem_rx_number
 .bss.modem_reset_state
                0x000000002000080d        0x1 ./Core/Src/main.o
                0x000000002000080d                modem_reset_state
 *fill*         0x000000002000080e        0x2 
 .bss.__sbrk_heap_end
                0x0000000020000810        0x4 ./Core/Src/sysmem.o
 .bss.pxCurrentTCB
                0x0000000020000814        0x4 ./Middlewares/Third_Party/FreeRTOS/Source/tasks.o
                0x0000000020000814                pxCurrentTCB
 .bss.pxReadyTasksLists
                0x0000000020000818       0x8c ./Middlewares/Third_Party/FreeRTOS/Source/tasks.o
 .bss.xDelayedTaskList1
                0x00000000200008a4       0x14 ./Middlewares/Third_Party/FreeRTOS/Source/tasks.o
 .bss.xDelayedTaskList2
                0x00000000200008b8       0x14 ./Middlewares/Third_Party/FreeRTOS/Source/tasks.o
 .bss.pxDelayedTaskList
                0x00000000200008cc        0x4 ./Middlewares/Third_Party/FreeRTOS/Source/tasks.o
 .bss.pxOverflowDelayedTaskList
                0x00000000200008d0        0x4 ./Middlewares/Third_Party/FreeRTOS/Source/tasks.o
 .bss.xPendingReadyList
                0x00000000200008d4       0x14 ./Middlewares/Third_Party/FreeRTOS/Source/tasks.o
 .bss.xTasksWaitingTermination
                0x00000000200008e8       0x14 ./Middlewares/Third_Party/FreeRTOS/Source/tasks.o
 .bss.uxDeletedTasksWaitingCleanUp
                0x00000000200008fc        0x4 ./Middlewares/Third_Party/FreeRTOS/Source/tasks.o
 .bss.xSuspendedTaskList
                0x0000000020000900       0x14 ./Middlewares/Third_Party/FreeRTOS/Source/tasks.o
 .bss.uxCurrentNumberOfTasks
                0x0000000020000914        0x4 ./Middlewares/Third_Party/FreeRTOS/Source/tasks.o
 .bss.xTickCount
                0x0000000020000918        0x4 ./Middlewares/Third_Party/FreeRTOS/Source/tasks.o
 .bss.uxTopReadyPriority
                0x000000002000091c        0x4 ./Middlewares/Third_Party/FreeRTOS/Source/tasks.o
 .bss.xSchedulerRunning
                0x0000000020000920        0x4 ./Middlewares/Third_Party/FreeRTOS/Source/tasks.o
 .bss.xPendedTicks
                0x0000000020000924        0x4 ./Middlewares/Third_Party/FreeRTOS/Source/tasks.o
 .bss.xYieldPending
                0x0000000020000928        0x4 ./Middlewares/Third_Party/FreeRTOS/Source/tasks.o
 .bss.xNumOfOverflows
                0x000000002000092c        0x4 ./Middlewares/Third_Party/FreeRTOS/Source/tasks.o
 .bss.uxTaskNumber
                0x0000000020000930        0x4 ./Middlewares/Third_Party/FreeRTOS/Source/tasks.o
 .bss.xNextTaskUnblockTime
                0x0000000020000934        0x4 ./Middlewares/Third_Party/FreeRTOS/Source/tasks.o
 .bss.xIdleTaskHandle
                0x0000000020000938        0x4 ./Middlewares/Third_Party/FreeRTOS/Source/tasks.o
 .bss.uxSchedulerSuspended
                0x000000002000093c        0x4 ./Middlewares/Third_Party/FreeRTOS/Source/tasks.o
 .bss.xActiveTimerList1
                0x0000000020000940       0x14 ./Middlewares/Third_Party/FreeRTOS/Source/timers.o
 .bss.xActiveTimerList2
                0x0000000020000954       0x14 ./Middlewares/Third_Party/FreeRTOS/Source/timers.o
 .bss.pxCurrentTimerList
                0x0000000020000968        0x4 ./Middlewares/Third_Party/FreeRTOS/Source/timers.o
 .bss.pxOverflowTimerList
                0x000000002000096c        0x4 ./Middlewares/Third_Party/FreeRTOS/Source/timers.o
 .bss.xTimerQueue
                0x0000000020000970        0x4 ./Middlewares/Third_Party/FreeRTOS/Source/timers.o
 .bss.xTimerTaskHandle
                0x0000000020000974        0x4 ./Middlewares/Third_Party/FreeRTOS/Source/timers.o
 .bss.xLastTime.7001
                0x0000000020000978        0x4 ./Middlewares/Third_Party/FreeRTOS/Source/timers.o
 .bss.ucStaticTimerQueueStorage.7050
                0x000000002000097c       0x78 ./Middlewares/Third_Party/FreeRTOS/Source/timers.o
 .bss.xStaticTimerQueue.7049
                0x00000000200009f4       0x48 ./Middlewares/Third_Party/FreeRTOS/Source/timers.o
 .bss.ucMaxSysCallPriority
                0x0000000020000a3c        0x1 ./Middlewares/Third_Party/FreeRTOS/Source/portable/GCC/ARM_CM4F/port.o
 *fill*         0x0000000020000a3d        0x3 
 .bss.ulMaxPRIGROUPValue
                0x0000000020000a40        0x4 ./Middlewares/Third_Party/FreeRTOS/Source/portable/GCC/ARM_CM4F/port.o
 .bss.ucHeap    0x0000000020000a44     0x7530 ./Middlewares/Third_Party/FreeRTOS/Source/portable/MemMang/heap_4.o
 .bss.xStart    0x0000000020007f74        0x8 ./Middlewares/Third_Party/FreeRTOS/Source/portable/MemMang/heap_4.o
 .bss.pxEnd     0x0000000020007f7c        0x4 ./Middlewares/Third_Party/FreeRTOS/Source/portable/MemMang/heap_4.o
 .bss.xFreeBytesRemaining
                0x0000000020007f80        0x4 ./Middlewares/Third_Party/FreeRTOS/Source/portable/MemMang/heap_4.o
 .bss.xMinimumEverFreeBytesRemaining
                0x0000000020007f84        0x4 ./Middlewares/Third_Party/FreeRTOS/Source/portable/MemMang/heap_4.o
 .bss.xNumberOfSuccessfulAllocations
                0x0000000020007f88        0x4 ./Middlewares/Third_Party/FreeRTOS/Source/portable/MemMang/heap_4.o
 .bss.xNumberOfSuccessfulFrees
                0x0000000020007f8c        0x4 ./Middlewares/Third_Party/FreeRTOS/Source/portable/MemMang/heap_4.o
 .bss.xBlockAllocatedBit
                0x0000000020007f90        0x4 ./Middlewares/Third_Party/FreeRTOS/Source/portable/MemMang/heap_4.o
 .bss.ip1       0x0000000020007f94        0x1 ./User/M95Task.o
                0x0000000020007f94                ip1
 .bss.ip2       0x0000000020007f95        0x1 ./User/M95Task.o
                0x0000000020007f95                ip2
 .bss.ip3       0x0000000020007f96        0x1 ./User/M95Task.o
                0x0000000020007f96                ip3
 .bss.ip4       0x0000000020007f97        0x1 ./User/M95Task.o
                0x0000000020007f97                ip4
 .bss.port_high_reg
                0x0000000020007f98        0x1 ./User/M95Task.o
                0x0000000020007f98                port_high_reg
 .bss.port_low_reg
                0x0000000020007f99        0x1 ./User/M95Task.o
                0x0000000020007f99                port_low_reg
 .bss.port      0x0000000020007f9a        0x2 ./User/M95Task.o
                0x0000000020007f9a                port
 .bss.modbus_packet_number
                0x0000000020007f9c        0x1 ./User/ModbusTask.o
                0x0000000020007f9c                modbus_packet_number
 .bss.modbus_packet_number1
                0x0000000020007f9d        0x1 ./User/ModbusTask.o
                0x0000000020007f9d                modbus_packet_number1
 *fill*         0x0000000020007f9e        0x2 
 .bss.__malloc_free_list
                0x0000000020007fa0        0x4 c:/st/stm32cubeide_1.8.0/stm32cubeide/plugins/com.st.stm32cube.ide.mcu.externaltools.gnu-tools-for-stm32.9-2020-q2-update.win32_2.0.0.202105311346/tools/bin/../lib/gcc/arm-none-eabi/9.3.1/../../../../arm-none-eabi/lib/thumb/v7e-m+fp/hard\libc_nano.a(lib_a-nano-mallocr.o)
                0x0000000020007fa0                __malloc_free_list
 .bss.__malloc_sbrk_start
                0x0000000020007fa4        0x4 c:/st/stm32cubeide_1.8.0/stm32cubeide/plugins/com.st.stm32cube.ide.mcu.externaltools.gnu-tools-for-stm32.9-2020-q2-update.win32_2.0.0.202105311346/tools/bin/../lib/gcc/arm-none-eabi/9.3.1/../../../../arm-none-eabi/lib/thumb/v7e-m+fp/hard\libc_nano.a(lib_a-nano-mallocr.o)
                0x0000000020007fa4                __malloc_sbrk_start
 *(COMMON)
 COMMON         0x0000000020007fa8     0x1854 ./Core/Src/main.o
                0x0000000020007fa8                defaultTaskHandle
                0x0000000020007fac                hspi2
                0x0000000020008004                temp_ip1
                0x0000000020008008                spi_buf
                0x000000002000800c                hdma_usart3_rx
                0x000000002000806c                huart3
                0x00000000200080b0                ReadRegistersTaskHandle
                0x00000000200080b4                hiwdg
                0x00000000200080c0                ModbusQueueHandle
                0x00000000200080c4                modbus_buffer
                0x00000000200094c4                test_data1
                0x00000000200094c8                JumpAddress
                0x00000000200094cc                AT_TimerHandle
                0x00000000200094d0                temp_ip4
                0x00000000200094d1                temp_ip3
                0x00000000200094d4                UartMutexHandle
                0x00000000200094d8                Ring_Center_TimerHandle
                0x00000000200094dc                hdma_usart3_tx
                0x000000002000953c                temp_id_low
                0x0000000020009540                ModbusPacketTaskHandle
                0x0000000020009544                Jump_To_Application
                0x0000000020009548                hspi3
                0x00000000200095a0                temp_port_high
                0x00000000200095a4                MainTaskHandle
                0x00000000200095a8                ModbusTaskHandle
                0x00000000200095ac                M95TaskHandle
                0x00000000200095b0                ModbusPacketReceiveHandle
                0x00000000200095b4                read_rx_state
                0x00000000200095b8                hrtc
                0x00000000200095d8                Fm25v02MutexHandle
                0x00000000200095dc                modem_rx_data
                0x00000000200096dc                modem_rx_buffer
                0x00000000200097dc                temp_port_low
                0x00000000200097de                firmware_crc
                0x00000000200097e0                temp_id_high
                0x00000000200097e4                start_address
                0x00000000200097e8                TransmissionStateHandle
                0x00000000200097ec                calculating_firmware_crc
                0x00000000200097f0                temp_ip2
                0x00000000200097f4                end_address
                0x00000000200097f8                firmware_length
 COMMON         0x00000000200097fc       0x48 ./Core/Src/stm32f4xx_hal_timebase_tim.o
                0x00000000200097fc                htim1
 COMMON         0x0000000020009844        0x4 ./Drivers/STM32F4xx_HAL_Driver/Src/stm32f4xx_hal.o
                0x0000000020009844                uwTick
 COMMON         0x0000000020009848       0x20 ./Drivers/STM32F4xx_HAL_Driver/Src/stm32f4xx_hal_flash.o
                0x0000000020009848                pFlash
 COMMON         0x0000000020009868       0x40 ./Middlewares/Third_Party/FreeRTOS/Source/queue.o
                0x0000000020009868                xQueueRegistry
 COMMON         0x00000000200098a8       0xb0 ./User/M95Task.o
                0x00000000200098a8                level
                0x00000000200098ac                id2
                0x00000000200098b8                id1
 COMMON         0x0000000020009958      0x248 ./User/MainTask.o
                0x0000000020009958                change_boot_end_address
                0x000000002000995c                address_to_read_write
                0x0000000020009960                change_boot_firmware_lenght
                0x0000000020009964                sector_error
                0x0000000020009968                change_boot_calculating_firmware_crc2